case__25: case__25
logic__24: logic__24
muxpart__379: muxpart__379
muxpart__177: muxpart__177
muxpart__247: muxpart__247
logic__286: logic__286
logic__48: logic__48
muxpart__394: muxpart__394
muxpart__108: muxpart__108
datapath__10: datapath__10
muxpart__176: muxpart__176
muxpart__680: muxpart__680
muxpart__567: muxpart__567
reg__202: reg__202
reg__2: reg__2
logic__440: logic__440
reg__198: reg__198
muxpart__311: muxpart__311
reg__26: reg__26
dsp48e1__4: dsp48e1__4
muxpart__509: muxpart__509
logic__230: logic__230
muxpart__617: muxpart__617
reg__102: reg__102
reg__113: reg__113
reg__18: reg__18
logic__393: logic__393
muxpart__732: muxpart__732
muxpart__170: muxpart__170
muxpart__768: muxpart__768
datapath__4: datapath__4
case__75: case__75
muxpart__550: muxpart__550
muxpart__347: muxpart__347
logic__431: logic__431
reg__237: reg__237
case__54: case__54
muxpart__361: muxpart__361
muxpart__243: muxpart__243
logic__280: logic__280
muxpart__157: muxpart__157
reg__91: reg__91
muxpart__50: muxpart__50
muxpart__269: muxpart__269
muxpart__430: muxpart__430
counter: counter
case__66: case__66
muxpart__117: muxpart__117
reg__75: reg__75
muxpart__160: muxpart__160
muxpart__136: muxpart__136
dsp48e1: dsp48e1
muxpart__534: muxpart__534
muxpart__557: muxpart__557
case__19: case__19
logic__272: logic__272
reg__205: reg__205
reg__19: reg__19
case__82: case__82
reg__171: reg__171
logic__212: logic__212
muxpart__104: muxpart__104
muxpart__240: muxpart__240
muxpart__152: muxpart__152
muxpart__481: muxpart__481
muxpart__533: muxpart__533
muxpart__120: muxpart__120
muxpart__341: muxpart__341
case__46: case__46
muxpart__73: muxpart__73
reg__225: reg__225
case__134: case__134
muxpart__324: muxpart__324
muxpart__153: muxpart__153
muxpart__293: muxpart__293
logic__32: logic__32
muxpart__204: muxpart__204
reg__180: reg__180
muxpart__666: muxpart__666
muxpart__739: muxpart__739
muxpart__5: muxpart__5
muxpart__462: muxpart__462
reg__7: reg__7
muxpart__66: muxpart__66
case__128: case__128
reg__66: reg__66
reg__63: reg__63
muxpart__194: muxpart__194
muxpart__183: muxpart__183
logic__52: logic__52
muxpart__249: muxpart__249
muxpart__559: muxpart__559
reg__169: reg__169
muxpart__530: muxpart__530
dsp48e1__5: dsp48e1__5
muxpart__289: muxpart__289
case__9: case__9
datapath__14: datapath__14
reg__40: reg__40
muxpart__590: muxpart__590
reg__164: reg__164
muxpart__687: muxpart__687
muxpart__664: muxpart__664
reg__34: reg__34
logic__200: logic__200
logic__437: logic__437
logic__76: logic__76
reg__143: reg__143
muxpart__501: muxpart__501
muxpart__643: muxpart__643
reg__81: reg__81
muxpart__351: muxpart__351
muxpart__364: muxpart__364
reg__44: reg__44
muxpart__505: muxpart__505
muxpart__458: muxpart__458
muxpart__304: muxpart__304
muxpart__545: muxpart__545
rom__3_layer2_generator: rom__3_layer2_generator
case__96: case__96
case__136: case__136
muxpart__112: muxpart__112
logic__72: logic__72
reg__52: reg__52
logic__53: logic__53
layer1_generator__GB3: layer1_generator__GB3
reg__158: reg__158
muxpart__413: muxpart__413
muxpart__55: muxpart__55
muxpart__366: muxpart__366
muxpart__613: muxpart__613
logic__191: logic__191
muxpart__97: muxpart__97
reg__148: reg__148
muxpart__328: muxpart__328
muxpart__723: muxpart__723
muxpart__753: muxpart__753
muxpart__224: muxpart__224
muxpart__527: muxpart__527
muxpart__162: muxpart__162
logic__480: logic__480
logic__316: logic__316
muxpart__294: muxpart__294
muxpart__641: muxpart__641
muxpart__89: muxpart__89
case__32: case__32
muxpart__301: muxpart__301
muxpart__231: muxpart__231
logic__63: logic__63
muxpart__579: muxpart__579
logic__203: logic__203
logic__69: logic__69
reg__209: reg__209
reg__122: reg__122
logic__56: logic__56
case__84: case__84
muxpart__300: muxpart__300
reg__175: reg__175
reg__168: reg__168
logic__125: logic__125
logic__266: logic__266
logic__373: logic__373
case__52: case__52
muxpart__755: muxpart__755
reg__201: reg__201
muxpart__287: muxpart__287
case__107: case__107
muxpart__310: muxpart__310
muxpart__780: muxpart__780
muxpart__522: muxpart__522
muxpart__589: muxpart__589
muxpart__102: muxpart__102
reg__65: reg__65
logic__236: logic__236
case__4: case__4
muxpart__417: muxpart__417
muxpart__29: muxpart__29
muxpart__2: muxpart__2
muxpart__426: muxpart__426
muxpart__239: muxpart__239
datapath__8: datapath__8
reg__155: reg__155
datapath__19: datapath__19
case__62: case__62
case__80: case__80
muxpart__143: muxpart__143
logic__59: logic__59
reg__93: reg__93
datapath__24: datapath__24
muxpart__543: muxpart__543
muxpart__518: muxpart__518
muxpart__693: muxpart__693
reg__47: reg__47
muxpart__396: muxpart__396
muxpart__654: muxpart__654
case__22: case__22
muxpart__273: muxpart__273
muxpart__771: muxpart__771
muxpart__716: muxpart__716
muxpart__139: muxpart__139
muxpart__442: muxpart__442
muxpart__130: muxpart__130
muxpart__770: muxpart__770
muxpart__316: muxpart__316
reg__206: reg__206
muxpart__96: muxpart__96
logic__463: logic__463
logic__370: logic__370
case__14: case__14
muxpart__515: muxpart__515
reg__53: reg__53
case__99: case__99
muxpart__110: muxpart__110
layer2_generator__GB2: layer2_generator__GB2
muxpart__616: muxpart__616
muxpart__21: muxpart__21
reg__115: reg__115
muxpart__709: muxpart__709
muxpart__455: muxpart__455
reg__199: reg__199
muxpart__475: muxpart__475
muxpart__254: muxpart__254
reg__193: reg__193
muxpart__271: muxpart__271
case__94: case__94
muxpart__412: muxpart__412
muxpart__109: muxpart__109
logic__459: logic__459
muxpart__659: muxpart__659
muxpart__382: muxpart__382
muxpart__33: muxpart__33
muxpart__460: muxpart__460
muxpart__3: muxpart__3
muxpart__193: muxpart__193
logic__387: logic__387
reg__142: reg__142
muxpart__677: muxpart__677
muxpart__321: muxpart__321
muxpart__395: muxpart__395
logic__1042: logic__1042
reg__230: reg__230
muxpart__538: muxpart__538
reg__50: reg__50
muxpart__253: muxpart__253
muxpart__403: muxpart__403
datapath: datapath
muxpart__696: muxpart__696
muxpart__354: muxpart__354
reg__22: reg__22
muxpart__640: muxpart__640
muxpart__317: muxpart__317
logic__422: logic__422
logic__60: logic__60
reg__108: reg__108
reg__121: reg__121
muxpart__133: muxpart__133
reg__101: reg__101
muxpart__598: muxpart__598
muxpart__660: muxpart__660
case: case
muxpart__671: muxpart__671
logic__340: logic__340
muxpart__38: muxpart__38
reg__94: reg__94
reg__56: reg__56
muxpart__747: muxpart__747
reg__73: reg__73
logic__164: logic__164
case__34: case__34
muxpart__252: muxpart__252
muxpart__492: muxpart__492
muxpart__228: muxpart__228
logic__79: logic__79
muxpart__607: muxpart__607
logic__420: logic__420
muxpart__625: muxpart__625
reg__61: reg__61
datapath__15: datapath__15
muxpart__392: muxpart__392
muxpart__370: muxpart__370
reg__62: reg__62
muxpart__295: muxpart__295
reg__72: reg__72
reg__32: reg__32
muxpart__187: muxpart__187
logic__275: logic__275
muxpart__114: muxpart__114
muxpart__575: muxpart__575
datapath__3: datapath__3
muxpart__230: muxpart__230
logic__128: logic__128
muxpart__12: muxpart__12
muxpart__554: muxpart__554
muxpart__639: muxpart__639
muxpart__503: muxpart__503
muxpart__547: muxpart__547
reg__57: reg__57
logic__26: logic__26
muxpart__255: muxpart__255
logic__119: logic__119
muxpart__222: muxpart__222
logic__23: logic__23
reg__219: reg__219
case__41: case__41
muxpart__280: muxpart__280
case__47: case__47
rom__1: rom__1
logic__33: logic__33
muxpart__159: muxpart__159
muxpart__266: muxpart__266
muxpart__632: muxpart__632
muxpart__223: muxpart__223
muxpart__9: muxpart__9
muxpart__499: muxpart__499
pla: pla
reg__207: reg__207
logic__242: logic__242
case__125: case__125
reg__213: reg__213
case__42: case__42
muxpart__380: muxpart__380
muxpart__52: muxpart__52
muxpart__367: muxpart__367
muxpart__144: muxpart__144
muxpart__80: muxpart__80
reg__35: reg__35
muxpart__463: muxpart__463
muxpart__168: muxpart__168
muxpart__588: muxpart__588
logic__194: logic__194
case__29: case__29
logic__298: logic__298
reg__123: reg__123
reg__37: reg__37
reg__114: reg__114
muxpart__202: muxpart__202
case__10: case__10
muxpart__565: muxpart__565
muxpart__127: muxpart__127
muxpart__106: muxpart__106
logic__161: logic__161
muxpart__608: muxpart__608
logic__44: logic__44
muxpart__387: muxpart__387
reg__131: reg__131
logic__764: logic__764
muxpart__217: muxpart__217
muxpart__504: muxpart__504
logic__466: logic__466
muxpart__376: muxpart__376
reg__79: reg__79
muxpart__650: muxpart__650
datapath__11: datapath__11
muxpart__81: muxpart__81
reg__172: reg__172
logic__1034: logic__1034
reg__208: reg__208
muxpart__553: muxpart__553
logic__227: logic__227
logic__1041: logic__1041
reg__189: reg__189
logic__1337: logic__1337
logic__361: logic__361
reg__138: reg__138
muxpart__679: muxpart__679
case__44: case__44
muxpart__94: muxpart__94
muxpart__27: muxpart__27
muxpart__41: muxpart__41
muxpart__14: muxpart__14
muxpart__25: muxpart__25
logic__1327: logic__1327
logic__110: logic__110
counter__3: counter__3
logic__45: logic__45
reg__130: reg__130
muxpart__83: muxpart__83
muxpart__531: muxpart__531
muxpart__605: muxpart__605
dsp48e1__3: dsp48e1__3
muxpart__560: muxpart__560
logic__143: logic__143
muxpart__415: muxpart__415
muxpart__686: muxpart__686
reg__89: reg__89
logic__73: logic__73
muxpart__374: muxpart__374
logic__408: logic__408
reg__222: reg__222
muxpart__437: muxpart__437
dsp48e1__6: dsp48e1__6
muxpart__334: muxpart__334
datapath__23: datapath__23
muxpart__744: muxpart__744
reg__38: reg__38
logic__170: logic__170
logic__313: logic__313
muxpart__546: muxpart__546
muxpart__32: muxpart__32
reg__85: reg__85
muxpart__740: muxpart__740
muxpart__383: muxpart__383
logic__71: logic__71
logic__355: logic__355
reg__97: reg__97
logic__22: logic__22
case__95: case__95
muxpart__484: muxpart__484
muxpart__681: muxpart__681
muxpart__58: muxpart__58
logic__122: logic__122
layer2_generator__GB0: layer2_generator__GB0
muxpart__84: muxpart__84
muxpart__604: muxpart__604
muxpart__746: muxpart__746
muxpart__43: muxpart__43
case__69: case__69
reg__229: reg__229
logic__295: logic__295
logic__158: logic__158
muxpart__718: muxpart__718
reg__181: reg__181
case__21: case__21
muxpart__576: muxpart__576
muxpart__670: muxpart__670
logic__221: logic__221
muxpart__191: muxpart__191
reg__223: reg__223
logic__36: logic__36
muxpart__642: muxpart__642
reg__31: reg__31
muxpart__155: muxpart__155
reg__3: reg__3
muxpart__95: muxpart__95
muxpart__619: muxpart__619
muxpart__445: muxpart__445
muxpart__362: muxpart__362
muxpart__512: muxpart__512
reg__29: reg__29
case__71: case__71
muxpart__434: muxpart__434
muxpart__156: muxpart__156
muxpart__719: muxpart__719
muxpart__552: muxpart__552
logic__456: logic__456
case__58: case__58
reg__161: reg__161
muxpart__342: muxpart__342
layer1_generator__GB2: layer1_generator__GB2
logic__451: logic__451
datapath__5: datapath__5
muxpart__261: muxpart__261
muxpart__447: muxpart__447
muxpart__498: muxpart__498
muxpart__572: muxpart__572
reg__27: reg__27
muxpart__631: muxpart__631
muxpart__211: muxpart__211
case__104: case__104
muxpart__18: muxpart__18
case__67: case__67
logic__1334: logic__1334
logic__47: logic__47
reg__11: reg__11
case__49: case__49
muxpart__520: muxpart__520
muxpart__42: muxpart__42
reg__17: reg__17
muxpart__596: muxpart__596
logic__15: logic__15
muxpart__90: muxpart__90
reg__100: reg__100
muxpart__526: muxpart__526
case__13: case__13
muxpart__226: muxpart__226
muxpart__717: muxpart__717
muxpart__692: muxpart__692
case__124: case__124
muxpart__69: muxpart__69
reg__51: reg__51
muxpart__356: muxpart__356
muxpart__566: muxpart__566
muxpart__111: muxpart__111
logic__66: logic__66
rom__4: rom__4
muxpart__562: muxpart__562
reg__43: reg__43
reg__83: reg__83
muxpart__272: muxpart__272
logic__34: logic__34
logic__1314: logic__1314
muxpart__186: muxpart__186
reg__82: reg__82
muxpart__402: muxpart__402
muxpart__203: muxpart__203
muxpart__353: muxpart__353
layer2_generator__GB1: layer2_generator__GB1
muxpart__486: muxpart__486
logic__98: logic__98
muxpart__662: muxpart__662
muxpart__87: muxpart__87
case__23: case__23
muxpart__212: muxpart__212
case__73: case__73
muxpart__154: muxpart__154
muxpart__573: muxpart__573
muxpart__414: muxpart__414
reg__145: reg__145
logic__411: logic__411
muxpart__494: muxpart__494
logic__352: logic__352
muxpart__393: muxpart__393
logic__322: logic__322
muxpart__150: muxpart__150
muxpart__684: muxpart__684
reg__127: reg__127
reg__166: reg__166
muxpart__480: muxpart__480
muxpart__574: muxpart__574
muxpart__35: muxpart__35
reg__60: reg__60
muxpart__593: muxpart__593
sync_fifo: sync_fifo
case__35: case__35
muxpart__251: muxpart__251
muxpart__580: muxpart__580
muxpart__738: muxpart__738
muxpart__298: muxpart__298
muxpart__233: muxpart__233
case__17: case__17
case__123: case__123
muxpart__213: muxpart__213
muxpart__344: muxpart__344
muxpart__628: muxpart__628
logic__328: logic__328
muxpart__196: muxpart__196
muxpart__373: muxpart__373
muxpart__98: muxpart__98
muxpart__15: muxpart__15
muxpart__20: muxpart__20
muxpart__540: muxpart__540
logic__188: logic__188
muxpart__30: muxpart__30
muxpart__256: muxpart__256
muxpart__178: muxpart__178
muxpart__510: muxpart__510
reg__106: reg__106
logic__1320: logic__1320
logic__197: logic__197
muxpart__16: muxpart__16
muxpart__236: muxpart__236
dsp48e1__2: dsp48e1__2
muxpart__142: muxpart__142
reg__92: reg__92
case__79: case__79
logic__54: logic__54
reg__76: reg__76
muxpart__410: muxpart__410
muxpart__713: muxpart__713
muxpart__267: muxpart__267
logic__1: logic__1
logic__269: logic__269
logic__469: logic__469
muxpart__57: muxpart__57
muxpart__496: muxpart__496
muxpart__371: muxpart__371
logic__37: logic__37
muxpart__428: muxpart__428
muxpart__126: muxpart__126
muxpart__276: muxpart__276
muxpart__248: muxpart__248
muxpart__399: muxpart__399
muxpart__521: muxpart__521
muxpart__238: muxpart__238
logic__87: logic__87
case__64: case__64
logic__21: logic__21
muxpart__730: muxpart__730
muxpart__260: muxpart__260
case__89: case__89
muxpart__303: muxpart__303
muxpart__429: muxpart__429
case__76: case__76
muxpart__465: muxpart__465
logic__64: logic__64
muxpart__668: muxpart__668
logic__39: logic__39
muxpart__270: muxpart__270
logic__331: logic__331
counter__4: counter__4
reg__141: reg__141
muxpart__578: muxpart__578
muxpart__131: muxpart__131
case__97: case__97
muxpart__536: muxpart__536
muxpart__318: muxpart__318
logic__248: logic__248
muxpart__776: muxpart__776
muxpart__735: muxpart__735
logic__62: logic__62
reg__187: reg__187
reg__95: reg__95
muxpart__405: muxpart__405
logic__57: logic__57
case__70: case__70
case__102: case__102
rom: rom
muxpart__70: muxpart__70
muxpart__315: muxpart__315
muxpart__469: muxpart__469
muxpart__762: muxpart__762
muxpart__420: muxpart__420
muxpart__76: muxpart__76
muxpart__720: muxpart__720
logic__358: logic__358
muxpart__675: muxpart__675
reg__234: reg__234
logic__131: logic__131
muxpart__452: muxpart__452
muxpart__591: muxpart__591
logic__461: logic__461
reg__24: reg__24
case__100: case__100
logic__753: logic__753
logic__1326: logic__1326
logic__364: logic__364
reg__224: reg__224
muxpart__721: muxpart__721
muxpart__39: muxpart__39
muxpart__633: muxpart__633
muxpart__75: muxpart__75
case__92: case__92
logic__254: logic__254
case__1: case__1
logic__260: logic__260
case__30: case__30
muxpart__411: muxpart__411
muxpart__699: muxpart__699
muxpart__685: muxpart__685
muxpart__56: muxpart__56
muxpart__672: muxpart__672
muxpart__652: muxpart__652
reg__196: reg__196
logic__155: logic__155
reg__118: reg__118
muxpart__389: muxpart__389
logic__20: logic__20
muxpart__583: muxpart__583
logic__283: logic__283
reg__194: reg__194
logic__30: logic__30
logic__319: logic__319
muxpart__378: muxpart__378
muxpart__733: muxpart__733
muxpart__49: muxpart__49
logic__1311: logic__1311
logic__343: logic__343
muxpart__775: muxpart__775
muxpart__611: muxpart__611
logic__381: logic__381
muxpart__34: muxpart__34
reg__232: reg__232
logic__19: logic__19
muxpart__172: muxpart__172
reg__112: reg__112
muxpart__558: muxpart__558
muxpart__582: muxpart__582
logic__173: logic__173
muxpart__474: muxpart__474
logic__113: logic__113
muxpart__609: muxpart__609
muxpart__7: muxpart__7
muxpart__610: muxpart__610
counter__2: counter__2
reg__59: reg__59
muxpart__508: muxpart__508
reg__33: reg__33
muxpart__711: muxpart__711
muxpart__658: muxpart__658
reg__70: reg__70
reg__117: reg__117
muxpart__173: muxpart__173
muxpart__599: muxpart__599
muxpart__676: muxpart__676
muxpart__125: muxpart__125
muxpart__129: muxpart__129
muxpart__45: muxpart__45
muxpart__227: muxpart__227
muxpart__737: muxpart__737
logic__92: logic__92
reg__30: reg__30
reg__90: reg__90
muxpart__406: muxpart__406
reg__163: reg__163
muxpart__140: muxpart__140
case__103: case__103
muxpart__488: muxpart__488
logic__182: logic__182
logic__448: logic__448
muxpart__528: muxpart__528
muxpart__107: muxpart__107
reg__139: reg__139
reg__67: reg__67
muxpart__471: muxpart__471
reg__136: reg__136
muxpart__541: muxpart__541
muxpart__440: muxpart__440
muxpart__597: muxpart__597
logic__146: logic__146
muxpart: muxpart
logic__289: logic__289
logic__152: logic__152
muxpart__756: muxpart__756
logic__239: logic__239
logic__206: logic__206
muxpart__91: muxpart__91
muxpart__581: muxpart__581
generator_pipeline__GCB2: generator_pipeline__GCB2
muxpart__514: muxpart__514
muxpart__424: muxpart__424
muxpart__564: muxpart__564
muxpart__188: muxpart__188
case__48: case__48
case__130: case__130
reg__216: reg__216
muxpart__358: muxpart__358
muxpart__621: muxpart__621
logic__95: logic__95
muxpart__219: muxpart__219
logic__473: logic__473
muxpart__352: muxpart__352
reg__45: reg__45
muxpart__766: muxpart__766
logic__4: logic__4
muxpart__490: muxpart__490
muxpart__148: muxpart__148
muxpart__245: muxpart__245
muxpart__288: muxpart__288
muxpart__386: muxpart__386
muxpart__132: muxpart__132
muxpart__166: muxpart__166
logic: logic
muxpart__182: muxpart__182
muxpart__385: muxpart__385
case__108: case__108
muxpart__401: muxpart__401
muxpart__542: muxpart__542
muxpart__502: muxpart__502
muxpart__678: muxpart__678
counter__1: counter__1
muxpart__275: muxpart__275
muxpart__190: muxpart__190
muxpart__524: muxpart__524
logic__454: logic__454
logic__55: logic__55
muxpart__165: muxpart__165
muxpart__369: muxpart__369
muxpart__624: muxpart__624
logic__101: logic__101
muxpart__532: muxpart__532
logic__325: logic__325
muxpart__698: muxpart__698
muxpart__74: muxpart__74
muxpart__326: muxpart__326
case__16: case__16
muxpart__555: muxpart__555
reg__200: reg__200
muxpart__549: muxpart__549
muxpart__221: muxpart__221
reg__107: reg__107
logic__31: logic__31
muxpart__397: muxpart__397
reg__173: reg__173
muxpart__772: muxpart__772
muxpart__495: muxpart__495
reg__110: reg__110
muxpart__246: muxpart__246
muxpart__262: muxpart__262
reg__212: reg__212
muxpart__712: muxpart__712
muxpart__511: muxpart__511
case__87: case__87
reg__185: reg__185
muxpart__86: muxpart__86
reg__157: reg__157
logic__754: logic__754
muxpart__313: muxpart__313
muxpart__118: muxpart__118
reg__36: reg__36
reg__152: reg__152
logic__750: logic__750
logic__417: logic__417
reg__170: reg__170
reg__8: reg__8
case__74: case__74
case__39: case__39
reg__14: reg__14
case__81: case__81
muxpart__439: muxpart__439
muxpart__647: muxpart__647
reg__134: reg__134
muxpart__192: muxpart__192
reg__20: reg__20
muxpart__281: muxpart__281
muxpart__703: muxpart__703
reg__132: reg__132
case__86: case__86
logic__167: logic__167
muxpart__457: muxpart__457
reg__86: reg__86
muxpart__101: muxpart__101
reg__162: reg__162
muxpart__416: muxpart__416
muxpart__360: muxpart__360
logic__251: logic__251
case__28: case__28
logic__84: logic__84
logic__414: logic__414
muxpart__388: muxpart__388
muxpart__381: muxpart__381
logic__349: logic__349
logic__310: logic__310
muxpart__697: muxpart__697
muxpart__767: muxpart__767
muxpart__690: muxpart__690
logic__477: logic__477
muxpart__77: muxpart__77
muxpart__308: muxpart__308
muxpart__179: muxpart__179
muxpart__48: muxpart__48
reg__203: reg__203
muxpart__400: muxpart__400
muxpart__100: muxpart__100
muxpart__646: muxpart__646
logic__46: logic__46
muxpart__263: muxpart__263
muxpart__667: muxpart__667
muxpart__661: muxpart__661
muxpart__600: muxpart__600
muxpart__13: muxpart__13
muxpart__296: muxpart__296
logic__761: logic__761
muxpart__497: muxpart__497
muxpart__741: muxpart__741
case__65: case__65
muxpart__163: muxpart__163
muxpart__345: muxpart__345
muxpart__763: muxpart__763
reg__144: reg__144
sync_fifo__parameterized0: sync_fifo__parameterized0
case__38: case__38
muxpart__745: muxpart__745
muxpart__284: muxpart__284
muxpart__691: muxpart__691
logic__402: logic__402
case__7: case__7
logic__51: logic__51
muxpart__482: muxpart__482
muxpart__124: muxpart__124
logic__140: logic__140
case__127: case__127
logic__134: logic__134
reg__128: reg__128
logic__233: logic__233
muxpart__517: muxpart__517
muxpart__123: muxpart__123
muxpart__390: muxpart__390
case__55: case__55
muxpart__479: muxpart__479
muxpart__99: muxpart__99
muxpart__483: muxpart__483
muxpart__65: muxpart__65
muxpart__348: muxpart__348
reg__48: reg__48
muxpart__398: muxpart__398
muxpart__330: muxpart__330
muxpart__477: muxpart__477
muxpart__323: muxpart__323
muxpart__419: muxpart__419
muxpart__63: muxpart__63
muxpart__644: muxpart__644
muxpart__731: muxpart__731
muxpart__23: muxpart__23
reg__25: reg__25
logic__1368: logic__1368
muxpart__145: muxpart__145
muxpart__446: muxpart__446
muxpart__561: muxpart__561
reg__159: reg__159
muxpart__201: muxpart__201
muxpart__464: muxpart__464
logic__307: logic__307
muxpart__167: muxpart__167
layer1_generator__GB1: layer1_generator__GB1
logic__83: logic__83
layer1_generator__GB0: layer1_generator__GB0
muxpart__544: muxpart__544
muxpart__232: muxpart__232
case__8: case__8
reg__154: reg__154
muxpart__724: muxpart__724
muxpart__329: muxpart__329
case__135: case__135
muxpart__729: muxpart__729
case__31: case__31
muxpart__630: muxpart__630
logic__1315: logic__1315
logic__278: logic__278
muxpart__725: muxpart__725
muxpart__774: muxpart__774
muxpart__46: muxpart__46
datapath__1: datapath__1
muxpart__694: muxpart__694
logic__29: logic__29
muxpart__757: muxpart__757
muxpart__88: muxpart__88
reg__5: reg__5
muxpart__346: muxpart__346
muxpart__72: muxpart__72
muxpart__368: muxpart__368
muxpart__259: muxpart__259
muxpart__648: muxpart__648
muxpart__59: muxpart__59
reg__1: reg__1
muxpart__539: muxpart__539
muxpart__8: muxpart__8
muxpart__537: muxpart__537
muxpart__68: muxpart__68
reg__151: reg__151
muxpart__103: muxpart__103
logic__40: logic__40
muxpart__751: muxpart__751
muxpart__773: muxpart__773
muxpart__551: muxpart__551
reg__71: reg__71
muxpart__322: muxpart__322
muxpart__516: muxpart__516
muxpart__349: muxpart__349
datapath__18: datapath__18
logic__378: logic__378
logic__28: logic__28
reg__235: reg__235
muxpart__657: muxpart__657
muxpart__637: muxpart__637
muxpart__706: muxpart__706
muxpart__11: muxpart__11
muxpart__19: muxpart__19
logic__1048: logic__1048
muxpart__210: muxpart__210
muxpart__205: muxpart__205
logic__42: logic__42
case__5: case__5
reg__137: reg__137
muxpart__216: muxpart__216
muxpart__340: muxpart__340
muxpart__78: muxpart__78
muxpart__164: muxpart__164
muxpart__208: muxpart__208
logic__384: logic__384
logic__367: logic__367
reg__217: reg__217
logic__49: logic__49
muxpart__422: muxpart__422
muxpart__760: muxpart__760
muxpart__40: muxpart__40
muxpart__476: muxpart__476
logic__245: logic__245
reg__133: reg__133
logic__390: logic__390
muxpart__92: muxpart__92
logic__218: logic__218
muxpart__734: muxpart__734
muxpart__207: muxpart__207
reg__12: reg__12
case__106: case__106
reg__197: reg__197
muxpart__355: muxpart__355
muxpart__119: muxpart__119
logic__257: logic__257
muxpart__339: muxpart__339
muxpart__113: muxpart__113
datapath__22: datapath__22
muxpart__736: muxpart__736
logic__18: logic__18
reg__153: reg__153
case__45: case__45
muxpart__749: muxpart__749
muxpart__314: muxpart__314
muxpart__336: muxpart__336
muxpart__404: muxpart__404
muxpart__146: muxpart__146
muxpart__26: muxpart__26
muxpart__752: muxpart__752
datapath__6: datapath__6
datapath__13: datapath__13
muxpart__800_generator_pipeline: muxpart__800_generator_pipeline
muxpart__727: muxpart__727
muxpart__742: muxpart__742
logic__58: logic__58
muxpart__206: muxpart__206
muxpart__195: muxpart__195
muxpart__535: muxpart__535
logic__43: logic__43
muxpart__121: muxpart__121
reg__104: reg__104
logic__50: logic__50
logic__425: logic__425
muxpart__689: muxpart__689
muxpart__472: muxpart__472
muxpart__556: muxpart__556
muxpart__357: muxpart__357
muxpart__606: muxpart__606
logic__304: logic__304
muxpart__312: muxpart__312
muxpart__704: muxpart__704
muxpart__365: muxpart__365
datapath__20: datapath__20
reg__126: reg__126
reg__190: reg__190
reg__174: reg__174
muxpart__485: muxpart__485
muxpart__470: muxpart__470
muxpart__585: muxpart__585
muxpart__418: muxpart__418
reg__96: reg__96
muxpart__634: muxpart__634
reg__28: reg__28
muxpart__759: muxpart__759
logic__1333: logic__1333
layer3_generator: layer3_generator
reg__177: reg__177
reg__160: reg__160
case__90: case__90
muxpart__350: muxpart__350
muxpart__115: muxpart__115
muxpart__343: muxpart__343
muxpart__141: muxpart__141
logic__1038: logic__1038
logic__5: logic__5
reg__186: reg__186
logic__1321: logic__1321
muxpart__137: muxpart__137
muxpart__584: muxpart__584
reg__54: reg__54
reg__98: reg__98
muxpart__728: muxpart__728
muxpart__645: muxpart__645
muxpart__53: muxpart__53
case__101: case__101
logic__445: logic__445
muxpart__548: muxpart__548
muxpart__338: muxpart__338
muxpart__234: muxpart__234
muxpart__325: muxpart__325
muxpart__122: muxpart__122
logic__224: logic__224
case__77: case__77
muxpart__408: muxpart__408
muxpart__64: muxpart__64
reg__42: reg__42
case__27: case__27
muxpart__185: muxpart__185
muxpart__237: muxpart__237
muxpart__10: muxpart__10
muxpart__62: muxpart__62
reg__10: reg__10
case__2: case__2
muxpart__743: muxpart__743
reg__210: reg__210
muxpart__189: muxpart__189
muxpart__449: muxpart__449
muxpart__783: muxpart__783
muxpart__663: muxpart__663
muxpart__79: muxpart__79
muxpart__335: muxpart__335
muxpart__427: muxpart__427
logic__65: logic__65
logic__263: logic__263
muxpart__302: muxpart__302
reg__220: reg__220
logic__334: logic__334
case__85: case__85
muxpart__320: muxpart__320
muxpart__257: muxpart__257
muxpart__242: muxpart__242
logic__70: logic__70
reg__184: reg__184
muxpart__61: muxpart__61
logic__185: logic__185
muxpart__175: muxpart__175
reg__80: reg__80
muxpart__377: muxpart__377
muxpart__456: muxpart__456
muxpart__466: muxpart__466
muxpart__688: muxpart__688
muxpart__299: muxpart__299
logic__179: logic__179
muxpart__384: muxpart__384
muxpart__161: muxpart__161
muxpart__180: muxpart__180
muxpart__169: muxpart__169
reg__119: reg__119
logic__107: logic__107
muxpart__305: muxpart__305
muxpart__51: muxpart__51
muxpart__286: muxpart__286
reg__214: reg__214
reg__215: reg__215
muxpart__622: muxpart__622
logic__67: logic__67
logic__474: logic__474
muxpart__594: muxpart__594
muxpart__277: muxpart__277
reg__69: reg__69
case__26: case__26
reg__4: reg__4
muxpart__244: muxpart__244
muxpart__602: muxpart__602
logic__38: logic__38
muxpart__147: muxpart__147
muxpart__85: muxpart__85
logic__68: logic__68
case__24: case__24
case__126: case__126
case__93: case__93
muxpart__636: muxpart__636
muxpart__283: muxpart__283
case__18: case__18
case__37: case__37
muxpart__134: muxpart__134
muxpart__638: muxpart__638
datapath__7: datapath__7
reg__77: reg__77
muxpart__651: muxpart__651
muxpart__450: muxpart__450
muxpart__468: muxpart__468
muxpart__715: muxpart__715
muxpart__209: muxpart__209
reg__125: reg__125
reg__55: reg__55
case__20: case__20
case__61: case__61
case__91: case__91
muxpart__268: muxpart__268
logic__61: logic__61
muxpart__432: muxpart__432
reg__58: reg__58
reg__192: reg__192
muxpart__359: muxpart__359
datapath__9: datapath__9
case__15: case__15
muxpart__467: muxpart__467
muxpart__569: muxpart__569
reg__231: reg__231
muxpart__702: muxpart__702
reg__105: reg__105
muxpart__491: muxpart__491
muxpart__626: muxpart__626
muxpart__748: muxpart__748
case__6: case__6
muxpart__493: muxpart__493
muxpart__22: muxpart__22
muxpart__754: muxpart__754
reg__218: reg__218
datapath__12: datapath__12
case__57: case__57
muxpart__777: muxpart__777
muxpart__215: muxpart__215
muxpart__333: muxpart__333
muxpart__587: muxpart__587
reg__46: reg__46
muxpart__461: muxpart__461
muxpart__448: muxpart__448
muxpart__135: muxpart__135
muxpart__60: muxpart__60
case__11: case__11
logic__176: logic__176
muxpart__603: muxpart__603
muxpart__306: muxpart__306
reg__23: reg__23
case__36: case__36
muxpart__198: muxpart__198
case__98: case__98
reg__195: reg__195
muxpart__523: muxpart__523
case__50: case__50
muxpart__17: muxpart__17
muxpart__683: muxpart__683
muxpart__332: muxpart__332
reg__188: reg__188
logic__375: logic__375
datapath__16: datapath__16
muxpart__656: muxpart__656
muxpart__500: muxpart__500
reg__149: reg__149
muxpart__235: muxpart__235
muxpart__714: muxpart__714
rom__2: rom__2
reg__39: reg__39
logic__434: logic__434
logic__149: logic__149
reg__99: reg__99
reg__167: reg__167
muxpart__473: muxpart__473
muxpart__507: muxpart__507
reg__120: reg__120
muxpart__291: muxpart__291
muxpart__285: muxpart__285
logic__25: logic__25
muxpart__435: muxpart__435
muxpart__200: muxpart__200
muxpart__769: muxpart__769
case__56: case__56
muxpart__375: muxpart__375
muxpart__105: muxpart__105
muxpart__563: muxpart__563
muxpart__700: muxpart__700
muxpart__297: muxpart__297
logic__396: logic__396
muxpart__441: muxpart__441
logic__470: logic__470
reg__179: reg__179
case__129: case__129
case__33: case__33
muxpart__764: muxpart__764
muxpart__443: muxpart__443
muxpart__665: muxpart__665
case__133: case__133
muxpart__158: muxpart__158
logic__399: logic__399
muxpart__278: muxpart__278
muxpart__781: muxpart__781
muxpart__750: muxpart__750
reg__21: reg__21
muxpart__506: muxpart__506
muxpart__199: muxpart__199
muxpart__220: muxpart__220
logic__116: logic__116
muxpart__782: muxpart__782
logic__346: logic__346
reg__6: reg__6
muxpart__453: muxpart__453
muxpart__171: muxpart__171
case__138: case__138
muxpart__151: muxpart__151
reg__41: reg__41
muxpart__653: muxpart__653
reg__87: reg__87
muxpart__319: muxpart__319
reg__78: reg__78
reg__84: reg__84
muxpart__529: muxpart__529
muxpart__431: muxpart__431
muxpart__438: muxpart__438
muxpart__612: muxpart__612
muxpart__47: muxpart__47
logic__443: logic__443
muxpart__487: muxpart__487
muxpart__279: muxpart__279
reg__129: reg__129
muxpart__707: muxpart__707
muxpart__519: muxpart__519
muxpart__309: muxpart__309
logic__74: logic__74
muxpart__292: muxpart__292
muxpart__229: muxpart__229
reg__176: reg__176
logic__405: logic__405
logic__8: logic__8
muxpart__701: muxpart__701
muxpart__710: muxpart__710
logic__292: logic__292
logic__75: logic__75
reg__74: reg__74
logic__137: logic__137
muxpart__363: muxpart__363
muxpart__331: muxpart__331
muxpart__705: muxpart__705
muxpart__525: muxpart__525
muxpart__128: muxpart__128
muxpart__489: muxpart__489
muxpart__184: muxpart__184
reg__236: reg__236
muxpart__478: muxpart__478
muxpart__4: muxpart__4
muxpart__623: muxpart__623
muxpart__116: muxpart__116
muxpart__513: muxpart__513
logic__757: logic__757
logic__1045: logic__1045
muxpart__44: muxpart__44
reg__15: reg__15
muxpart__214: muxpart__214
logic__337: logic__337
reg__204: reg__204
muxpart__454: muxpart__454
muxpart__577: muxpart__577
reg__103: reg__103
muxpart__601: muxpart__601
reg__226: reg__226
case__51: case__51
muxpart__674: muxpart__674
case__83: case__83
logic__17: logic__17
muxpart__407: muxpart__407
case__105: case__105
muxpart__568: muxpart__568
muxpart__67: muxpart__67
case__53: case__53
reg__150: reg__150
muxpart__327: muxpart__327
reg__13: reg__13
muxpart__307: muxpart__307
layer2_generator__GB3: layer2_generator__GB3
muxpart__36: muxpart__36
muxpart__218: muxpart__218
muxpart__31: muxpart__31
muxpart__695: muxpart__695
muxpart__761: muxpart__761
muxpart__274: muxpart__274
muxpart__93: muxpart__93
muxpart__149: muxpart__149
muxpart__433: muxpart__433
muxpart__197: muxpart__197
case__132: case__132
muxpart__6: muxpart__6
reg__49: reg__49
muxpart__54: muxpart__54
muxpart__24: muxpart__24
muxpart__571: muxpart__571
reg__116: reg__116
case__3: case__3
logic__301: logic__301
muxpart__225: muxpart__225
muxpart__265: muxpart__265
muxpart__635: muxpart__635
muxpart__264: muxpart__264
reg__183: reg__183
muxpart__629: muxpart__629
reg__178: reg__178
reg__9: reg__9
reg__165: reg__165
muxpart__82: muxpart__82
muxpart__615: muxpart__615
muxpart__758: muxpart__758
muxpart__682: muxpart__682
muxpart__451: muxpart__451
reg__146: reg__146
case__59: case__59
muxpart__425: muxpart__425
muxpart__669: muxpart__669
muxpart__618: muxpart__618
muxpart__421: muxpart__421
muxpart__258: muxpart__258
reg__68: reg__68
reg__64: reg__64
reg__191: reg__191
logic__1037: logic__1037
case__88: case__88
case__63: case__63
case__68: case__68
reg__147: reg__147
muxpart__627: muxpart__627
muxpart__71: muxpart__71
case__72: case__72
logic__209: logic__209
muxpart__174: muxpart__174
logic__35: logic__35
logic__13: logic__13
logic__428: logic__428
muxpart__673: muxpart__673
reg__211: reg__211
muxpart__372: muxpart__372
muxpart__595: muxpart__595
muxpart__241: muxpart__241
muxpart__282: muxpart__282
muxpart__778: muxpart__778
datapath__17: datapath__17
muxpart__726: muxpart__726
reg__221: reg__221
reg__156: reg__156
muxpart__765: muxpart__765
reg__124: reg__124
muxpart__614: muxpart__614
muxpart__722: muxpart__722
muxpart__459: muxpart__459
muxpart__620: muxpart__620
reg__182: reg__182
logic__14: logic__14
reg__233: reg__233
dsp48e1__1: dsp48e1__1
reg__135: reg__135
muxpart__138: muxpart__138
muxpart__1: muxpart__1
reg__88: reg__88
muxpart__290: muxpart__290
reg__16: reg__16
case__78: case__78
case__12: case__12
reg__109: reg__109
logic__104: logic__104
logic__27: logic__27
logic__80: logic__80
muxpart__444: muxpart__444
muxpart__28: muxpart__28
logic__215: logic__215
datapath__2: datapath__2
reg__140: reg__140
muxpart__708: muxpart__708
muxpart__337: muxpart__337
muxpart__586: muxpart__586
muxpart__37: muxpart__37
logic__758: logic__758
muxpart__655: muxpart__655
case__60: case__60
muxpart__436: muxpart__436
muxpart__409: muxpart__409
logic__41: logic__41
case__40: case__40
logic__16: logic__16
muxpart__592: muxpart__592
muxpart__570: muxpart__570
muxpart__181: muxpart__181
case__43: case__43
reg__111: reg__111
muxpart__423: muxpart__423
datapath__21: datapath__21
reg: reg
muxpart__250: muxpart__250
