case__25: generator_pipeline__GCB2, 
logic__24: generator_pipeline__GCB2, 
muxpart__379: layer1_generator__GB3, 
muxpart__177: layer1_generator__GB0, 
muxpart__247: layer1_generator__GB0, 
logic__286: generator_pipeline__GCB2, 
logic__48: generator_pipeline__GCB2, 
muxpart__394: layer2_generator__GB0, 
muxpart__108: generator_pipeline__GCB2, 
datapath__10: layer1_generator__GB3, 
muxpart__176: layer1_generator__GB0, 
muxpart__680: layer3_generator, 
muxpart__567: layer2_generator__GB2, 
reg__202: generator_pipeline__GCB2, 
reg__2: generator_pipeline__GCB2, 
logic__440: generator_pipeline__GCB2, 
reg__198: generator_pipeline__GCB2, 
muxpart__311: layer1_generator__GB2, 
reg__26: generator_pipeline__GCB2, 
dsp48e1__4: layer3_generator, 
muxpart__509: layer2_generator__GB0, 
logic__230: generator_pipeline__GCB2, 
muxpart__617: layer2_generator__GB0, 
reg__102: generator_pipeline__GCB2, 
reg__113: generator_pipeline__GCB2, 
reg__18: generator_pipeline__GCB2, 
logic__393: generator_pipeline__GCB2, 
muxpart__732: layer3_generator, 
muxpart__170: layer1_generator__GB0, 
muxpart__768: layer3_generator, 
datapath__4: generator_pipeline__GCB2, 
case__75: layer1_generator__GB0, 
muxpart__550: layer2_generator__GB0, 
muxpart__347: layer1_generator__GB2, 
logic__431: generator_pipeline__GCB2, 
reg__237: generator_pipeline__GCB2, 
case__54: generator_pipeline__GCB2, 
muxpart__361: layer1_generator__GB2, 
muxpart__243: layer1_generator__GB1, 
logic__280: generator_pipeline__GCB2, 
muxpart__157: layer1_generator__GB0, 
reg__91: generator_pipeline__GCB2, 
muxpart__50: generator_pipeline__GCB2, 
muxpart__269: layer1_generator__GB0, 
muxpart__430: layer2_generator__GB0, 
counter: generator_pipeline__GCB2, 
case__66: layer1_generator__GB2, 
muxpart__117: generator_pipeline__GCB2, 
reg__75: generator_pipeline__GCB2, 
muxpart__160: layer1_generator__GB0, 
muxpart__136: layer1_generator__GB0, 
dsp48e1: layer1_generator__GB3, 
muxpart__534: layer2_generator__GB0, 
muxpart__557: layer2_generator__GB2, 
case__19: generator_pipeline__GCB2, 
logic__272: generator_pipeline__GCB2, 
reg__205: layer1_generator__GB3, 
reg__19: generator_pipeline__GCB2, 
case__82: layer2_generator__GB3, 
reg__171: generator_pipeline__GCB2, 
logic__212: generator_pipeline__GCB2, 
muxpart__104: generator_pipeline__GCB2, 
muxpart__240: layer1_generator__GB1, 
muxpart__152: layer1_generator__GB0, 
muxpart__481: layer2_generator__GB1, 
muxpart__533: layer2_generator__GB0, 
muxpart__120: generator_pipeline__GCB2, 
muxpart__341: layer1_generator__GB2, 
case__46: generator_pipeline__GCB2, 
muxpart__73: generator_pipeline__GCB2, 
reg__225: generator_pipeline__GCB2, 
case__134: generator_pipeline__GCB2, 
muxpart__324: layer1_generator__GB2, 
muxpart__153: layer1_generator__GB0, 
muxpart__293: layer1_generator__GB0, 
logic__32: generator_pipeline__GCB2, 
muxpart__204: layer1_generator__GB1, 
reg__180: generator_pipeline__GCB2, 
muxpart__666: layer3_generator, 
muxpart__739: layer3_generator, 
muxpart__5: generator_pipeline__GCB2, 
muxpart__462: layer2_generator__GB1, 
reg__7: generator_pipeline__GCB2, 
muxpart__66: generator_pipeline__GCB2, 
case__128: generator_pipeline__GCB2, 
reg__66: generator_pipeline__GCB2, 
reg__63: generator_pipeline__GCB2, 
muxpart__194: layer1_generator__GB0, 
muxpart__183: layer1_generator__GB0, 
logic__52: generator_pipeline__GCB2, 
muxpart__249: layer1_generator__GB0, 
muxpart__559: layer2_generator__GB2, 
reg__169: generator_pipeline__GCB2, 
muxpart__530: layer2_generator__GB0, 
dsp48e1__5: layer3_generator, 
muxpart__289: layer1_generator__GB0, 
case__9: generator_pipeline__GCB2, 
datapath__14: layer3_generator, 
reg__40: generator_pipeline__GCB2, 
muxpart__590: layer2_generator__GB2, 
reg__164: generator_pipeline__GCB2, 
muxpart__687: layer3_generator, 
muxpart__664: layer3_generator, 
reg__34: generator_pipeline__GCB2, 
logic__200: generator_pipeline__GCB2, 
logic__437: generator_pipeline__GCB2, 
logic__76: generator_pipeline__GCB2, 
reg__143: generator_pipeline__GCB2, 
muxpart__501: layer2_generator__GB1, 
muxpart__643: layer2_generator__GB3, 
reg__81: generator_pipeline__GCB2, 
muxpart__351: layer1_generator__GB2, 
muxpart__364: layer1_generator__GB3, 
reg__44: generator_pipeline__GCB2, 
muxpart__505: layer2_generator__GB0, 
muxpart__458: layer2_generator__GB1, 
muxpart__304: layer1_generator__GB2, 
muxpart__545: layer2_generator__GB0, 
rom__3_layer2_generator: rom__3_layer2_generator, 
case__96: layer3_generator, 
case__136: generator_pipeline__GCB2, 
muxpart__112: generator_pipeline__GCB2, 
logic__72: generator_pipeline__GCB2, 
reg__52: generator_pipeline__GCB2, 
logic__53: generator_pipeline__GCB2, 
layer1_generator__GB3: layer1_generator__GB3, 
reg__158: generator_pipeline__GCB2, 
muxpart__413: layer2_generator__GB0, 
muxpart__55: generator_pipeline__GCB2, 
muxpart__366: layer1_generator__GB3, 
muxpart__613: layer2_generator__GB2, 
logic__191: generator_pipeline__GCB2, 
muxpart__97: generator_pipeline__GCB2, 
reg__148: generator_pipeline__GCB2, 
muxpart__328: layer1_generator__GB2, 
muxpart__723: layer3_generator, 
muxpart__753: layer3_generator, 
muxpart__224: layer1_generator__GB1, 
muxpart__527: layer2_generator__GB0, 
muxpart__162: layer1_generator__GB0, 
logic__480: layer1_generator__GB3, 
logic__316: generator_pipeline__GCB2, 
muxpart__294: layer1_generator__GB0, 
muxpart__641: layer2_generator__GB3, 
muxpart__89: generator_pipeline__GCB2, 
case__32: generator_pipeline__GCB2, 
muxpart__301: layer1_generator__GB2, 
muxpart__231: layer1_generator__GB1, 
logic__63: generator_pipeline__GCB2, 
muxpart__579: layer2_generator__GB2, 
logic__203: generator_pipeline__GCB2, 
logic__69: generator_pipeline__GCB2, 
reg__209: layer1_generator__GB0, 
reg__122: generator_pipeline__GCB2, 
logic__56: generator_pipeline__GCB2, 
case__84: layer2_generator__GB3, 
muxpart__300: layer1_generator__GB0, 
reg__175: generator_pipeline__GCB2, 
reg__168: generator_pipeline__GCB2, 
logic__125: generator_pipeline__GCB2, 
logic__266: generator_pipeline__GCB2, 
logic__373: generator_pipeline__GCB2, 
case__52: generator_pipeline__GCB2, 
muxpart__755: layer3_generator, 
reg__201: generator_pipeline__GCB2, 
muxpart__287: layer1_generator__GB1, 
case__107: layer3_generator, 
muxpart__310: layer1_generator__GB2, 
muxpart__780: generator_pipeline__GCB2, 
muxpart__522: layer2_generator__GB0, 
muxpart__589: layer2_generator__GB2, 
muxpart__102: generator_pipeline__GCB2, 
reg__65: generator_pipeline__GCB2, 
logic__236: generator_pipeline__GCB2, 
case__4: generator_pipeline__GCB2, 
muxpart__417: layer2_generator__GB0, 
muxpart__29: generator_pipeline__GCB2, 
muxpart__2: generator_pipeline__GCB2, 
muxpart__426: layer2_generator__GB0, 
muxpart__239: layer1_generator__GB1, 
datapath__8: layer1_generator__GB3, 
reg__155: generator_pipeline__GCB2, 
datapath__19: generator_pipeline__GCB2, 
case__62: generator_pipeline__GCB2, 
case__80: layer2_generator__GB3, 
muxpart__143: layer1_generator__GB0, 
logic__59: generator_pipeline__GCB2, 
reg__93: generator_pipeline__GCB2, 
datapath__24: generator_pipeline__GCB2, 
muxpart__543: layer2_generator__GB0, 
muxpart__518: layer2_generator__GB0, 
muxpart__693: layer3_generator, 
reg__47: generator_pipeline__GCB2, 
muxpart__396: layer2_generator__GB0, 
muxpart__654: layer3_generator, 
case__22: generator_pipeline__GCB2, 
muxpart__273: layer1_generator__GB0, 
muxpart__771: layer3_generator, 
muxpart__716: layer3_generator, 
muxpart__139: layer1_generator__GB0, 
muxpart__442: layer2_generator__GB0, 
muxpart__130: generator_pipeline__GCB2, 
muxpart__770: layer3_generator, 
muxpart__316: layer1_generator__GB2, 
reg__206: layer1_generator__GB2, 
muxpart__96: generator_pipeline__GCB2, 
logic__463: generator_pipeline__GCB2, 
logic__370: generator_pipeline__GCB2, 
case__14: generator_pipeline__GCB2, 
muxpart__515: layer2_generator__GB0, 
reg__53: generator_pipeline__GCB2, 
case__99: layer3_generator, 
muxpart__110: generator_pipeline__GCB2, 
layer2_generator__GB2: layer2_generator__GB2, 
muxpart__616: layer2_generator__GB0, 
muxpart__21: generator_pipeline__GCB2, 
reg__115: generator_pipeline__GCB2, 
muxpart__709: layer3_generator, 
muxpart__455: layer2_generator__GB0, 
reg__199: generator_pipeline__GCB2, 
muxpart__475: layer2_generator__GB1, 
muxpart__254: layer1_generator__GB0, 
reg__193: generator_pipeline__GCB2, 
muxpart__271: layer1_generator__GB0, 
case__94: layer3_generator, 
muxpart__412: layer2_generator__GB0, 
muxpart__109: generator_pipeline__GCB2, 
logic__459: generator_pipeline__GCB2, 
muxpart__659: layer3_generator, 
muxpart__382: layer1_generator__GB3, 
muxpart__33: generator_pipeline__GCB2, 
muxpart__460: layer2_generator__GB1, 
muxpart__3: generator_pipeline__GCB2, 
muxpart__193: layer1_generator__GB0, 
logic__387: generator_pipeline__GCB2, 
reg__142: generator_pipeline__GCB2, 
muxpart__677: layer3_generator, 
muxpart__321: layer1_generator__GB2, 
muxpart__395: layer2_generator__GB0, 
logic__1042: layer3_generator, 
reg__230: generator_pipeline__GCB2, 
muxpart__538: layer2_generator__GB0, 
reg__50: generator_pipeline__GCB2, 
muxpart__253: layer1_generator__GB0, 
muxpart__403: layer2_generator__GB0, 
datapath: generator_pipeline__GCB2, 
muxpart__696: layer3_generator, 
muxpart__354: layer1_generator__GB2, 
reg__22: generator_pipeline__GCB2, 
muxpart__640: layer2_generator__GB3, 
muxpart__317: layer1_generator__GB2, 
logic__422: generator_pipeline__GCB2, 
logic__60: generator_pipeline__GCB2, 
reg__108: generator_pipeline__GCB2, 
reg__121: generator_pipeline__GCB2, 
muxpart__133: generator_pipeline__GCB2, 
reg__101: generator_pipeline__GCB2, 
muxpart__598: layer2_generator__GB2, 
muxpart__660: layer3_generator, 
case: generator_pipeline__GCB2, 
muxpart__671: layer3_generator, 
logic__340: generator_pipeline__GCB2, 
muxpart__38: generator_pipeline__GCB2, 
reg__94: generator_pipeline__GCB2, 
reg__56: generator_pipeline__GCB2, 
muxpart__747: layer3_generator, 
reg__73: generator_pipeline__GCB2, 
logic__164: generator_pipeline__GCB2, 
case__34: generator_pipeline__GCB2, 
muxpart__252: layer1_generator__GB0, 
muxpart__492: layer2_generator__GB1, 
muxpart__228: layer1_generator__GB1, 
logic__79: generator_pipeline__GCB2, 
muxpart__607: layer2_generator__GB2, 
logic__420: generator_pipeline__GCB2, 
muxpart__625: layer2_generator__GB3, 
reg__61: generator_pipeline__GCB2, 
datapath__15: layer3_generator, 
muxpart__392: layer2_generator__GB0, 
muxpart__370: layer1_generator__GB3, 
reg__62: generator_pipeline__GCB2, 
muxpart__295: layer1_generator__GB0, 
reg__72: generator_pipeline__GCB2, 
reg__32: generator_pipeline__GCB2, 
muxpart__187: layer1_generator__GB0, 
logic__275: generator_pipeline__GCB2, 
muxpart__114: generator_pipeline__GCB2, 
muxpart__575: layer2_generator__GB2, 
datapath__3: generator_pipeline__GCB2, 
muxpart__230: layer1_generator__GB1, 
logic__128: generator_pipeline__GCB2, 
muxpart__12: generator_pipeline__GCB2, 
muxpart__554: layer2_generator__GB2, 
muxpart__639: layer2_generator__GB3, 
muxpart__503: layer2_generator__GB1, 
muxpart__547: layer2_generator__GB1, 
reg__57: generator_pipeline__GCB2, 
logic__26: generator_pipeline__GCB2, 
muxpart__255: layer1_generator__GB0, 
logic__119: generator_pipeline__GCB2, 
muxpart__222: layer1_generator__GB1, 
logic__23: generator_pipeline__GCB2, 
reg__219: layer3_generator, 
case__41: generator_pipeline__GCB2, 
muxpart__280: layer1_generator__GB0, 
case__47: generator_pipeline__GCB2, 
rom__1: layer1_generator__GB3, 
logic__33: generator_pipeline__GCB2, 
muxpart__159: layer1_generator__GB0, 
muxpart__266: layer1_generator__GB0, 
muxpart__632: layer2_generator__GB3, 
muxpart__223: layer1_generator__GB1, 
muxpart__9: generator_pipeline__GCB2, 
muxpart__499: layer2_generator__GB1, 
pla: layer3_generator, 
reg__207: layer1_generator__GB3, 
logic__242: generator_pipeline__GCB2, 
case__125: generator_pipeline__GCB2, 
reg__213: layer2_generator__GB3, 
case__42: generator_pipeline__GCB2, 
muxpart__380: layer1_generator__GB3, 
muxpart__52: generator_pipeline__GCB2, 
muxpart__367: layer1_generator__GB3, 
muxpart__144: layer1_generator__GB0, 
muxpart__80: generator_pipeline__GCB2, 
reg__35: generator_pipeline__GCB2, 
muxpart__463: layer2_generator__GB1, 
muxpart__168: layer1_generator__GB0, 
muxpart__588: layer2_generator__GB2, 
logic__194: generator_pipeline__GCB2, 
case__29: generator_pipeline__GCB2, 
logic__298: generator_pipeline__GCB2, 
reg__123: generator_pipeline__GCB2, 
reg__37: generator_pipeline__GCB2, 
reg__114: generator_pipeline__GCB2, 
muxpart__202: layer1_generator__GB1, 
case__10: generator_pipeline__GCB2, 
muxpart__565: layer2_generator__GB2, 
muxpart__127: generator_pipeline__GCB2, 
muxpart__106: generator_pipeline__GCB2, 
logic__161: generator_pipeline__GCB2, 
muxpart__608: layer2_generator__GB2, 
logic__44: generator_pipeline__GCB2, 
muxpart__387: layer1_generator__GB3, 
reg__131: generator_pipeline__GCB2, 
logic__764: layer2_generator__GB3, 
muxpart__217: layer1_generator__GB1, 
muxpart__504: layer2_generator__GB0, 
logic__466: generator_pipeline__GCB2, 
muxpart__376: layer1_generator__GB3, 
reg__79: generator_pipeline__GCB2, 
muxpart__650: layer3_generator, 
datapath__11: layer2_generator__GB3, 
muxpart__81: generator_pipeline__GCB2, 
reg__172: generator_pipeline__GCB2, 
logic__1034: layer2_generator__GB3, 
reg__208: layer1_generator__GB3, 
muxpart__553: layer2_generator__GB2, 
logic__227: generator_pipeline__GCB2, 
logic__1041: layer3_generator, 
reg__189: generator_pipeline__GCB2, 
logic__1337: generator_pipeline__GCB2, 
logic__361: generator_pipeline__GCB2, 
reg__138: generator_pipeline__GCB2, 
muxpart__679: layer3_generator, 
case__44: generator_pipeline__GCB2, 
muxpart__94: generator_pipeline__GCB2, 
muxpart__27: generator_pipeline__GCB2, 
muxpart__41: generator_pipeline__GCB2, 
muxpart__14: generator_pipeline__GCB2, 
muxpart__25: generator_pipeline__GCB2, 
logic__1327: generator_pipeline__GCB2, 
logic__110: generator_pipeline__GCB2, 
counter__3: layer2_generator__GB3, 
logic__45: generator_pipeline__GCB2, 
reg__130: generator_pipeline__GCB2, 
muxpart__83: generator_pipeline__GCB2, 
muxpart__531: layer2_generator__GB0, 
muxpart__605: layer2_generator__GB2, 
dsp48e1__3: layer2_generator__GB0, 
muxpart__560: layer2_generator__GB2, 
logic__143: generator_pipeline__GCB2, 
muxpart__415: layer2_generator__GB0, 
muxpart__686: layer3_generator, 
reg__89: generator_pipeline__GCB2, 
logic__73: generator_pipeline__GCB2, 
muxpart__374: layer1_generator__GB3, 
logic__408: generator_pipeline__GCB2, 
reg__222: layer3_generator, 
muxpart__437: layer2_generator__GB0, 
dsp48e1__6: generator_pipeline__GCB2, 
muxpart__334: layer1_generator__GB2, 
datapath__23: generator_pipeline__GCB2, 
muxpart__744: layer3_generator, 
reg__38: generator_pipeline__GCB2, 
logic__170: generator_pipeline__GCB2, 
logic__313: generator_pipeline__GCB2, 
muxpart__546: layer2_generator__GB0, 
muxpart__32: generator_pipeline__GCB2, 
reg__85: generator_pipeline__GCB2, 
muxpart__740: layer3_generator, 
muxpart__383: layer1_generator__GB3, 
logic__71: generator_pipeline__GCB2, 
logic__355: generator_pipeline__GCB2, 
reg__97: generator_pipeline__GCB2, 
logic__22: generator_pipeline__GCB2, 
case__95: layer3_generator, 
muxpart__484: layer2_generator__GB1, 
muxpart__681: layer3_generator, 
muxpart__58: generator_pipeline__GCB2, 
logic__122: generator_pipeline__GCB2, 
layer2_generator__GB0: layer2_generator__GB0, 
muxpart__84: generator_pipeline__GCB2, 
muxpart__604: layer2_generator__GB2, 
muxpart__746: layer3_generator, 
muxpart__43: generator_pipeline__GCB2, 
case__69: layer1_generator__GB3, 
reg__229: generator_pipeline__GCB2, 
logic__295: generator_pipeline__GCB2, 
logic__158: generator_pipeline__GCB2, 
muxpart__718: layer3_generator, 
reg__181: generator_pipeline__GCB2, 
case__21: generator_pipeline__GCB2, 
muxpart__576: layer2_generator__GB2, 
muxpart__670: layer3_generator, 
logic__221: generator_pipeline__GCB2, 
muxpart__191: layer1_generator__GB0, 
reg__223: layer3_generator, 
logic__36: generator_pipeline__GCB2, 
muxpart__642: layer2_generator__GB3, 
reg__31: generator_pipeline__GCB2, 
muxpart__155: layer1_generator__GB0, 
reg__3: generator_pipeline__GCB2, 
muxpart__95: generator_pipeline__GCB2, 
muxpart__619: layer2_generator__GB0, 
muxpart__445: layer2_generator__GB0, 
muxpart__362: layer1_generator__GB3, 
muxpart__512: layer2_generator__GB0, 
reg__29: generator_pipeline__GCB2, 
case__71: layer1_generator__GB2, 
muxpart__434: layer2_generator__GB0, 
muxpart__156: layer1_generator__GB0, 
muxpart__719: layer3_generator, 
muxpart__552: layer2_generator__GB2, 
logic__456: generator_pipeline__GCB2, 
case__58: generator_pipeline__GCB2, 
reg__161: generator_pipeline__GCB2, 
muxpart__342: layer1_generator__GB2, 
layer1_generator__GB2: layer1_generator__GB2, 
logic__451: generator_pipeline__GCB2, 
datapath__5: generator_pipeline__GCB2, 
muxpart__261: layer1_generator__GB0, 
muxpart__447: layer2_generator__GB0, 
muxpart__498: layer2_generator__GB1, 
muxpart__572: layer2_generator__GB2, 
reg__27: generator_pipeline__GCB2, 
muxpart__631: layer2_generator__GB3, 
muxpart__211: layer1_generator__GB1, 
case__104: layer3_generator, 
muxpart__18: generator_pipeline__GCB2, 
case__67: layer1_generator__GB2, 
logic__1334: generator_pipeline__GCB2, 
logic__47: generator_pipeline__GCB2, 
reg__11: generator_pipeline__GCB2, 
case__49: generator_pipeline__GCB2, 
muxpart__520: layer2_generator__GB0, 
muxpart__42: generator_pipeline__GCB2, 
reg__17: generator_pipeline__GCB2, 
muxpart__596: layer2_generator__GB2, 
logic__15: generator_pipeline__GCB2, 
muxpart__90: generator_pipeline__GCB2, 
reg__100: generator_pipeline__GCB2, 
muxpart__526: layer2_generator__GB0, 
case__13: generator_pipeline__GCB2, 
muxpart__226: layer1_generator__GB1, 
muxpart__717: layer3_generator, 
muxpart__692: layer3_generator, 
case__124: generator_pipeline__GCB2, 
muxpart__69: generator_pipeline__GCB2, 
reg__51: generator_pipeline__GCB2, 
muxpart__356: layer1_generator__GB2, 
muxpart__566: layer2_generator__GB2, 
muxpart__111: generator_pipeline__GCB2, 
logic__66: generator_pipeline__GCB2, 
rom__4: layer3_generator, 
muxpart__562: layer2_generator__GB2, 
reg__43: generator_pipeline__GCB2, 
reg__83: generator_pipeline__GCB2, 
muxpart__272: layer1_generator__GB0, 
logic__34: generator_pipeline__GCB2, 
logic__1314: generator_pipeline__GCB2, 
muxpart__186: layer1_generator__GB0, 
reg__82: generator_pipeline__GCB2, 
muxpart__402: layer2_generator__GB0, 
muxpart__203: layer1_generator__GB1, 
muxpart__353: layer1_generator__GB2, 
layer2_generator__GB1: layer2_generator__GB1, 
muxpart__486: layer2_generator__GB1, 
logic__98: generator_pipeline__GCB2, 
muxpart__662: layer3_generator, 
muxpart__87: generator_pipeline__GCB2, 
case__23: generator_pipeline__GCB2, 
muxpart__212: layer1_generator__GB1, 
case__73: layer1_generator__GB2, 
muxpart__154: layer1_generator__GB0, 
muxpart__573: layer2_generator__GB2, 
muxpart__414: layer2_generator__GB0, 
reg__145: generator_pipeline__GCB2, 
logic__411: generator_pipeline__GCB2, 
muxpart__494: layer2_generator__GB1, 
logic__352: generator_pipeline__GCB2, 
muxpart__393: layer2_generator__GB0, 
logic__322: generator_pipeline__GCB2, 
muxpart__150: layer1_generator__GB0, 
muxpart__684: layer3_generator, 
reg__127: generator_pipeline__GCB2, 
reg__166: generator_pipeline__GCB2, 
muxpart__480: layer2_generator__GB1, 
muxpart__574: layer2_generator__GB2, 
muxpart__35: generator_pipeline__GCB2, 
reg__60: generator_pipeline__GCB2, 
muxpart__593: layer2_generator__GB2, 
sync_fifo: generator_pipeline__GCB2, 
case__35: generator_pipeline__GCB2, 
muxpart__251: layer1_generator__GB0, 
muxpart__580: layer2_generator__GB2, 
muxpart__738: layer3_generator, 
muxpart__298: layer1_generator__GB0, 
muxpart__233: layer1_generator__GB1, 
case__17: generator_pipeline__GCB2, 
case__123: generator_pipeline__GCB2, 
muxpart__213: layer1_generator__GB1, 
muxpart__344: layer1_generator__GB2, 
muxpart__628: layer2_generator__GB3, 
logic__328: generator_pipeline__GCB2, 
muxpart__196: layer1_generator__GB0, 
muxpart__373: layer1_generator__GB3, 
muxpart__98: generator_pipeline__GCB2, 
muxpart__15: generator_pipeline__GCB2, 
muxpart__20: generator_pipeline__GCB2, 
muxpart__540: layer2_generator__GB0, 
logic__188: generator_pipeline__GCB2, 
muxpart__30: generator_pipeline__GCB2, 
muxpart__256: layer1_generator__GB0, 
muxpart__178: layer1_generator__GB0, 
muxpart__510: layer2_generator__GB0, 
reg__106: generator_pipeline__GCB2, 
logic__1320: generator_pipeline__GCB2, 
logic__197: generator_pipeline__GCB2, 
muxpart__16: generator_pipeline__GCB2, 
muxpart__236: layer1_generator__GB1, 
dsp48e1__2: layer2_generator__GB2, 
muxpart__142: layer1_generator__GB0, 
reg__92: generator_pipeline__GCB2, 
case__79: layer1_generator__GB2, 
logic__54: generator_pipeline__GCB2, 
reg__76: generator_pipeline__GCB2, 
muxpart__410: layer2_generator__GB0, 
muxpart__713: layer3_generator, 
muxpart__267: layer1_generator__GB0, 
logic__1: generator_pipeline__GCB2, 
logic__269: generator_pipeline__GCB2, 
logic__469: layer1_generator__GB2, 
muxpart__57: generator_pipeline__GCB2, 
muxpart__496: layer2_generator__GB1, 
muxpart__371: layer1_generator__GB3, 
logic__37: generator_pipeline__GCB2, 
muxpart__428: layer2_generator__GB0, 
muxpart__126: generator_pipeline__GCB2, 
muxpart__276: layer1_generator__GB0, 
muxpart__248: layer1_generator__GB0, 
muxpart__399: layer2_generator__GB0, 
muxpart__521: layer2_generator__GB0, 
muxpart__238: layer1_generator__GB1, 
logic__87: generator_pipeline__GCB2, 
case__64: generator_pipeline__GCB2, 
logic__21: generator_pipeline__GCB2, 
muxpart__730: layer3_generator, 
muxpart__260: layer1_generator__GB0, 
case__89: layer2_generator__GB0, 
muxpart__303: layer1_generator__GB2, 
muxpart__429: layer2_generator__GB0, 
case__76: layer1_generator__GB0, 
muxpart__465: layer2_generator__GB1, 
logic__64: generator_pipeline__GCB2, 
muxpart__668: layer3_generator, 
logic__39: generator_pipeline__GCB2, 
muxpart__270: layer1_generator__GB0, 
logic__331: generator_pipeline__GCB2, 
counter__4: layer3_generator, 
reg__141: generator_pipeline__GCB2, 
muxpart__578: layer2_generator__GB2, 
muxpart__131: generator_pipeline__GCB2, 
case__97: layer3_generator, 
muxpart__536: layer2_generator__GB0, 
muxpart__318: layer1_generator__GB2, 
logic__248: generator_pipeline__GCB2, 
muxpart__776: layer3_generator, 
muxpart__735: layer3_generator, 
logic__62: generator_pipeline__GCB2, 
reg__187: generator_pipeline__GCB2, 
reg__95: generator_pipeline__GCB2, 
muxpart__405: layer2_generator__GB0, 
logic__57: generator_pipeline__GCB2, 
case__70: layer1_generator__GB2, 
case__102: layer3_generator, 
rom: layer1_generator__GB3, 
muxpart__70: generator_pipeline__GCB2, 
muxpart__315: layer1_generator__GB2, 
muxpart__469: layer2_generator__GB1, 
muxpart__762: layer3_generator, 
muxpart__420: layer2_generator__GB0, 
muxpart__76: generator_pipeline__GCB2, 
muxpart__720: layer3_generator, 
logic__358: generator_pipeline__GCB2, 
muxpart__675: layer3_generator, 
reg__234: generator_pipeline__GCB2, 
logic__131: generator_pipeline__GCB2, 
muxpart__452: layer2_generator__GB0, 
muxpart__591: layer2_generator__GB2, 
logic__461: generator_pipeline__GCB2, 
reg__24: generator_pipeline__GCB2, 
case__100: layer3_generator, 
logic__753: layer2_generator__GB3, 
logic__1326: generator_pipeline__GCB2, 
logic__364: generator_pipeline__GCB2, 
reg__224: layer3_generator, 
muxpart__721: layer3_generator, 
muxpart__39: generator_pipeline__GCB2, 
muxpart__633: layer2_generator__GB3, 
muxpart__75: generator_pipeline__GCB2, 
case__92: layer2_generator__GB0, 
logic__254: generator_pipeline__GCB2, 
case__1: generator_pipeline__GCB2, 
logic__260: generator_pipeline__GCB2, 
case__30: generator_pipeline__GCB2, 
muxpart__411: layer2_generator__GB0, 
muxpart__699: layer3_generator, 
muxpart__685: layer3_generator, 
muxpart__56: generator_pipeline__GCB2, 
muxpart__672: layer3_generator, 
muxpart__652: layer3_generator, 
reg__196: generator_pipeline__GCB2, 
logic__155: generator_pipeline__GCB2, 
reg__118: generator_pipeline__GCB2, 
muxpart__389: layer1_generator__GB3, 
logic__20: generator_pipeline__GCB2, 
muxpart__583: layer2_generator__GB2, 
logic__283: generator_pipeline__GCB2, 
reg__194: generator_pipeline__GCB2, 
logic__30: generator_pipeline__GCB2, 
logic__319: generator_pipeline__GCB2, 
muxpart__378: layer1_generator__GB3, 
muxpart__733: layer3_generator, 
muxpart__49: generator_pipeline__GCB2, 
logic__1311: layer3_generator, 
logic__343: generator_pipeline__GCB2, 
muxpart__775: layer3_generator, 
muxpart__611: layer2_generator__GB2, 
logic__381: generator_pipeline__GCB2, 
muxpart__34: generator_pipeline__GCB2, 
reg__232: generator_pipeline__GCB2, 
logic__19: generator_pipeline__GCB2, 
muxpart__172: layer1_generator__GB0, 
reg__112: generator_pipeline__GCB2, 
muxpart__558: layer2_generator__GB2, 
muxpart__582: layer2_generator__GB2, 
logic__173: generator_pipeline__GCB2, 
muxpart__474: layer2_generator__GB1, 
logic__113: generator_pipeline__GCB2, 
muxpart__609: layer2_generator__GB2, 
muxpart__7: generator_pipeline__GCB2, 
muxpart__610: layer2_generator__GB2, 
counter__2: layer1_generator__GB3, 
reg__59: generator_pipeline__GCB2, 
muxpart__508: layer2_generator__GB0, 
reg__33: generator_pipeline__GCB2, 
muxpart__711: layer3_generator, 
muxpart__658: layer3_generator, 
reg__70: generator_pipeline__GCB2, 
reg__117: generator_pipeline__GCB2, 
muxpart__173: layer1_generator__GB0, 
muxpart__599: layer2_generator__GB2, 
muxpart__676: layer3_generator, 
muxpart__125: generator_pipeline__GCB2, 
muxpart__129: generator_pipeline__GCB2, 
muxpart__45: generator_pipeline__GCB2, 
muxpart__227: layer1_generator__GB1, 
muxpart__737: layer3_generator, 
logic__92: generator_pipeline__GCB2, 
reg__30: generator_pipeline__GCB2, 
reg__90: generator_pipeline__GCB2, 
muxpart__406: layer2_generator__GB0, 
reg__163: generator_pipeline__GCB2, 
muxpart__140: layer1_generator__GB0, 
case__103: layer3_generator, 
muxpart__488: layer2_generator__GB1, 
logic__182: generator_pipeline__GCB2, 
logic__448: generator_pipeline__GCB2, 
muxpart__528: layer2_generator__GB0, 
muxpart__107: generator_pipeline__GCB2, 
reg__139: generator_pipeline__GCB2, 
reg__67: generator_pipeline__GCB2, 
muxpart__471: layer2_generator__GB1, 
reg__136: generator_pipeline__GCB2, 
muxpart__541: layer2_generator__GB0, 
muxpart__440: layer2_generator__GB0, 
muxpart__597: layer2_generator__GB2, 
logic__146: generator_pipeline__GCB2, 
muxpart: generator_pipeline__GCB2, 
logic__289: generator_pipeline__GCB2, 
logic__152: generator_pipeline__GCB2, 
muxpart__756: layer3_generator, 
logic__239: generator_pipeline__GCB2, 
logic__206: generator_pipeline__GCB2, 
muxpart__91: generator_pipeline__GCB2, 
muxpart__581: layer2_generator__GB2, 
generator_pipeline__GCB2: generator_pipeline__GCB2, 
muxpart__514: layer2_generator__GB0, 
muxpart__424: layer2_generator__GB0, 
muxpart__564: layer2_generator__GB2, 
muxpart__188: layer1_generator__GB0, 
case__48: generator_pipeline__GCB2, 
case__130: generator_pipeline__GCB2, 
reg__216: layer2_generator__GB0, 
muxpart__358: layer1_generator__GB2, 
muxpart__621: layer2_generator__GB0, 
logic__95: generator_pipeline__GCB2, 
muxpart__219: layer1_generator__GB1, 
logic__473: layer1_generator__GB2, 
muxpart__352: layer1_generator__GB2, 
reg__45: generator_pipeline__GCB2, 
muxpart__766: layer3_generator, 
logic__4: generator_pipeline__GCB2, 
muxpart__490: layer2_generator__GB1, 
muxpart__148: layer1_generator__GB0, 
muxpart__245: layer1_generator__GB1, 
muxpart__288: layer1_generator__GB0, 
muxpart__386: layer1_generator__GB3, 
muxpart__132: generator_pipeline__GCB2, 
muxpart__166: layer1_generator__GB0, 
logic: generator_pipeline__GCB2, 
muxpart__182: layer1_generator__GB0, 
muxpart__385: layer1_generator__GB3, 
case__108: generator_pipeline__GCB2, 
muxpart__401: layer2_generator__GB0, 
muxpart__542: layer2_generator__GB0, 
muxpart__502: layer2_generator__GB1, 
muxpart__678: layer3_generator, 
counter__1: generator_pipeline__GCB2, 
muxpart__275: layer1_generator__GB0, 
muxpart__190: layer1_generator__GB0, 
muxpart__524: layer2_generator__GB0, 
logic__454: generator_pipeline__GCB2, 
logic__55: generator_pipeline__GCB2, 
muxpart__165: layer1_generator__GB0, 
muxpart__369: layer1_generator__GB3, 
muxpart__624: layer2_generator__GB0, 
logic__101: generator_pipeline__GCB2, 
muxpart__532: layer2_generator__GB0, 
logic__325: generator_pipeline__GCB2, 
muxpart__698: layer3_generator, 
muxpart__74: generator_pipeline__GCB2, 
muxpart__326: layer1_generator__GB2, 
case__16: generator_pipeline__GCB2, 
muxpart__555: layer2_generator__GB2, 
reg__200: generator_pipeline__GCB2, 
muxpart__549: layer2_generator__GB1, 
muxpart__221: layer1_generator__GB1, 
reg__107: generator_pipeline__GCB2, 
logic__31: generator_pipeline__GCB2, 
muxpart__397: layer2_generator__GB0, 
reg__173: generator_pipeline__GCB2, 
muxpart__772: layer3_generator, 
muxpart__495: layer2_generator__GB1, 
reg__110: generator_pipeline__GCB2, 
muxpart__246: layer1_generator__GB0, 
muxpart__262: layer1_generator__GB0, 
reg__212: layer2_generator__GB3, 
muxpart__712: layer3_generator, 
muxpart__511: layer2_generator__GB0, 
case__87: layer2_generator__GB3, 
reg__185: generator_pipeline__GCB2, 
muxpart__86: generator_pipeline__GCB2, 
reg__157: generator_pipeline__GCB2, 
logic__754: layer2_generator__GB3, 
muxpart__313: layer1_generator__GB2, 
muxpart__118: generator_pipeline__GCB2, 
reg__36: generator_pipeline__GCB2, 
reg__152: generator_pipeline__GCB2, 
logic__750: layer1_generator__GB2, 
logic__417: generator_pipeline__GCB2, 
reg__170: generator_pipeline__GCB2, 
reg__8: generator_pipeline__GCB2, 
case__74: layer1_generator__GB3, 
case__39: generator_pipeline__GCB2, 
reg__14: generator_pipeline__GCB2, 
case__81: layer2_generator__GB3, 
muxpart__439: layer2_generator__GB0, 
muxpart__647: layer2_generator__GB3, 
reg__134: generator_pipeline__GCB2, 
muxpart__192: layer1_generator__GB0, 
reg__20: generator_pipeline__GCB2, 
muxpart__281: layer1_generator__GB0, 
muxpart__703: layer3_generator, 
reg__132: generator_pipeline__GCB2, 
case__86: layer2_generator__GB3, 
logic__167: generator_pipeline__GCB2, 
muxpart__457: layer2_generator__GB1, 
reg__86: generator_pipeline__GCB2, 
muxpart__101: generator_pipeline__GCB2, 
reg__162: generator_pipeline__GCB2, 
muxpart__416: layer2_generator__GB0, 
muxpart__360: layer1_generator__GB2, 
logic__251: generator_pipeline__GCB2, 
case__28: generator_pipeline__GCB2, 
logic__84: generator_pipeline__GCB2, 
logic__414: generator_pipeline__GCB2, 
muxpart__388: layer1_generator__GB3, 
muxpart__381: layer1_generator__GB3, 
logic__349: generator_pipeline__GCB2, 
logic__310: generator_pipeline__GCB2, 
muxpart__697: layer3_generator, 
muxpart__767: layer3_generator, 
muxpart__690: layer3_generator, 
logic__477: layer1_generator__GB2, 
muxpart__77: generator_pipeline__GCB2, 
muxpart__308: layer1_generator__GB2, 
muxpart__179: layer1_generator__GB0, 
muxpart__48: generator_pipeline__GCB2, 
reg__203: generator_pipeline__GCB2, 
muxpart__400: layer2_generator__GB0, 
muxpart__100: generator_pipeline__GCB2, 
muxpart__646: layer2_generator__GB3, 
logic__46: generator_pipeline__GCB2, 
muxpart__263: layer1_generator__GB0, 
muxpart__667: layer3_generator, 
muxpart__661: layer3_generator, 
muxpart__600: layer2_generator__GB2, 
muxpart__13: generator_pipeline__GCB2, 
muxpart__296: layer1_generator__GB0, 
logic__761: layer2_generator__GB3, 
muxpart__497: layer2_generator__GB1, 
muxpart__741: layer3_generator, 
case__65: generator_pipeline__GCB2, 
muxpart__163: layer1_generator__GB0, 
muxpart__345: layer1_generator__GB2, 
muxpart__763: layer3_generator, 
reg__144: generator_pipeline__GCB2, 
sync_fifo__parameterized0: generator_pipeline__GCB2, 
case__38: generator_pipeline__GCB2, 
muxpart__745: layer3_generator, 
muxpart__284: layer1_generator__GB0, 
muxpart__691: layer3_generator, 
logic__402: generator_pipeline__GCB2, 
case__7: generator_pipeline__GCB2, 
logic__51: generator_pipeline__GCB2, 
muxpart__482: layer2_generator__GB1, 
muxpart__124: generator_pipeline__GCB2, 
logic__140: generator_pipeline__GCB2, 
case__127: generator_pipeline__GCB2, 
logic__134: generator_pipeline__GCB2, 
reg__128: generator_pipeline__GCB2, 
logic__233: generator_pipeline__GCB2, 
muxpart__517: layer2_generator__GB0, 
muxpart__123: generator_pipeline__GCB2, 
muxpart__390: layer1_generator__GB3, 
case__55: generator_pipeline__GCB2, 
muxpart__479: layer2_generator__GB1, 
muxpart__99: generator_pipeline__GCB2, 
muxpart__483: layer2_generator__GB1, 
muxpart__65: generator_pipeline__GCB2, 
muxpart__348: layer1_generator__GB2, 
reg__48: generator_pipeline__GCB2, 
muxpart__398: layer2_generator__GB0, 
muxpart__330: layer1_generator__GB2, 
muxpart__477: layer2_generator__GB1, 
muxpart__323: layer1_generator__GB2, 
muxpart__419: layer2_generator__GB0, 
muxpart__63: generator_pipeline__GCB2, 
muxpart__644: layer2_generator__GB3, 
muxpart__731: layer3_generator, 
muxpart__23: generator_pipeline__GCB2, 
reg__25: generator_pipeline__GCB2, 
logic__1368: generator_pipeline__GCB2, 
muxpart__145: layer1_generator__GB0, 
muxpart__446: layer2_generator__GB0, 
muxpart__561: layer2_generator__GB2, 
reg__159: generator_pipeline__GCB2, 
muxpart__201: layer1_generator__GB1, 
muxpart__464: layer2_generator__GB1, 
logic__307: generator_pipeline__GCB2, 
muxpart__167: layer1_generator__GB0, 
layer1_generator__GB1: layer1_generator__GB1, 
logic__83: generator_pipeline__GCB2, 
layer1_generator__GB0: layer1_generator__GB0, 
muxpart__544: layer2_generator__GB0, 
muxpart__232: layer1_generator__GB1, 
case__8: generator_pipeline__GCB2, 
reg__154: generator_pipeline__GCB2, 
muxpart__724: layer3_generator, 
muxpart__329: layer1_generator__GB2, 
case__135: generator_pipeline__GCB2, 
muxpart__729: layer3_generator, 
case__31: generator_pipeline__GCB2, 
muxpart__630: layer2_generator__GB3, 
logic__1315: generator_pipeline__GCB2, 
logic__278: generator_pipeline__GCB2, 
muxpart__725: layer3_generator, 
muxpart__774: layer3_generator, 
muxpart__46: generator_pipeline__GCB2, 
datapath__1: generator_pipeline__GCB2, 
muxpart__694: layer3_generator, 
logic__29: generator_pipeline__GCB2, 
muxpart__757: layer3_generator, 
muxpart__88: generator_pipeline__GCB2, 
reg__5: generator_pipeline__GCB2, 
muxpart__346: layer1_generator__GB2, 
muxpart__72: generator_pipeline__GCB2, 
muxpart__368: layer1_generator__GB3, 
muxpart__259: layer1_generator__GB0, 
muxpart__648: layer2_generator__GB3, 
muxpart__59: generator_pipeline__GCB2, 
reg__1: generator_pipeline__GCB2, 
muxpart__539: layer2_generator__GB0, 
muxpart__8: generator_pipeline__GCB2, 
muxpart__537: layer2_generator__GB0, 
muxpart__68: generator_pipeline__GCB2, 
reg__151: generator_pipeline__GCB2, 
muxpart__103: generator_pipeline__GCB2, 
logic__40: generator_pipeline__GCB2, 
muxpart__751: layer3_generator, 
muxpart__773: layer3_generator, 
muxpart__551: layer2_generator__GB0, 
reg__71: generator_pipeline__GCB2, 
muxpart__322: layer1_generator__GB2, 
muxpart__516: layer2_generator__GB0, 
muxpart__349: layer1_generator__GB2, 
datapath__18: generator_pipeline__GCB2, 
logic__378: generator_pipeline__GCB2, 
logic__28: generator_pipeline__GCB2, 
reg__235: generator_pipeline__GCB2, 
muxpart__657: layer3_generator, 
muxpart__637: layer2_generator__GB3, 
muxpart__706: layer3_generator, 
muxpart__11: generator_pipeline__GCB2, 
muxpart__19: generator_pipeline__GCB2, 
logic__1048: layer3_generator, 
muxpart__210: layer1_generator__GB1, 
muxpart__205: layer1_generator__GB1, 
logic__42: generator_pipeline__GCB2, 
case__5: generator_pipeline__GCB2, 
reg__137: generator_pipeline__GCB2, 
muxpart__216: layer1_generator__GB1, 
muxpart__340: layer1_generator__GB2, 
muxpart__78: generator_pipeline__GCB2, 
muxpart__164: layer1_generator__GB0, 
muxpart__208: layer1_generator__GB1, 
logic__384: generator_pipeline__GCB2, 
logic__367: generator_pipeline__GCB2, 
reg__217: layer2_generator__GB0, 
logic__49: generator_pipeline__GCB2, 
muxpart__422: layer2_generator__GB0, 
muxpart__760: layer3_generator, 
muxpart__40: generator_pipeline__GCB2, 
muxpart__476: layer2_generator__GB1, 
logic__245: generator_pipeline__GCB2, 
reg__133: generator_pipeline__GCB2, 
logic__390: generator_pipeline__GCB2, 
muxpart__92: generator_pipeline__GCB2, 
logic__218: generator_pipeline__GCB2, 
muxpart__734: layer3_generator, 
muxpart__207: layer1_generator__GB1, 
reg__12: generator_pipeline__GCB2, 
case__106: layer3_generator, 
reg__197: generator_pipeline__GCB2, 
muxpart__355: layer1_generator__GB2, 
muxpart__119: generator_pipeline__GCB2, 
logic__257: generator_pipeline__GCB2, 
muxpart__339: layer1_generator__GB2, 
muxpart__113: generator_pipeline__GCB2, 
datapath__22: generator_pipeline__GCB2, 
muxpart__736: layer3_generator, 
logic__18: generator_pipeline__GCB2, 
reg__153: generator_pipeline__GCB2, 
case__45: generator_pipeline__GCB2, 
muxpart__749: layer3_generator, 
muxpart__314: layer1_generator__GB2, 
muxpart__336: layer1_generator__GB2, 
muxpart__404: layer2_generator__GB0, 
muxpart__146: layer1_generator__GB0, 
muxpart__26: generator_pipeline__GCB2, 
muxpart__752: layer3_generator, 
datapath__6: generator_pipeline__GCB2, 
datapath__13: layer2_generator__GB3, 
muxpart__800_generator_pipeline: muxpart__800_generator_pipeline, 
muxpart__727: layer3_generator, 
muxpart__742: layer3_generator, 
logic__58: generator_pipeline__GCB2, 
muxpart__206: layer1_generator__GB1, 
muxpart__195: layer1_generator__GB0, 
muxpart__535: layer2_generator__GB0, 
logic__43: generator_pipeline__GCB2, 
muxpart__121: generator_pipeline__GCB2, 
reg__104: generator_pipeline__GCB2, 
logic__50: generator_pipeline__GCB2, 
logic__425: generator_pipeline__GCB2, 
muxpart__689: layer3_generator, 
muxpart__472: layer2_generator__GB1, 
muxpart__556: layer2_generator__GB2, 
muxpart__357: layer1_generator__GB2, 
muxpart__606: layer2_generator__GB2, 
logic__304: generator_pipeline__GCB2, 
muxpart__312: layer1_generator__GB2, 
muxpart__704: layer3_generator, 
muxpart__365: layer1_generator__GB3, 
datapath__20: generator_pipeline__GCB2, 
reg__126: generator_pipeline__GCB2, 
reg__190: generator_pipeline__GCB2, 
reg__174: generator_pipeline__GCB2, 
muxpart__485: layer2_generator__GB1, 
muxpart__470: layer2_generator__GB1, 
muxpart__585: layer2_generator__GB2, 
muxpart__418: layer2_generator__GB0, 
reg__96: generator_pipeline__GCB2, 
muxpart__634: layer2_generator__GB3, 
reg__28: generator_pipeline__GCB2, 
muxpart__759: layer3_generator, 
logic__1333: generator_pipeline__GCB2, 
layer3_generator: layer3_generator, 
reg__177: generator_pipeline__GCB2, 
reg__160: generator_pipeline__GCB2, 
case__90: layer2_generator__GB0, 
muxpart__350: layer1_generator__GB2, 
muxpart__115: generator_pipeline__GCB2, 
muxpart__343: layer1_generator__GB2, 
muxpart__141: layer1_generator__GB0, 
logic__1038: layer3_generator, 
logic__5: generator_pipeline__GCB2, 
reg__186: generator_pipeline__GCB2, 
logic__1321: generator_pipeline__GCB2, 
muxpart__137: layer1_generator__GB0, 
muxpart__584: layer2_generator__GB2, 
reg__54: generator_pipeline__GCB2, 
reg__98: generator_pipeline__GCB2, 
muxpart__728: layer3_generator, 
muxpart__645: layer2_generator__GB3, 
muxpart__53: generator_pipeline__GCB2, 
case__101: layer3_generator, 
logic__445: generator_pipeline__GCB2, 
muxpart__548: layer2_generator__GB1, 
muxpart__338: layer1_generator__GB2, 
muxpart__234: layer1_generator__GB1, 
muxpart__325: layer1_generator__GB2, 
muxpart__122: generator_pipeline__GCB2, 
logic__224: generator_pipeline__GCB2, 
case__77: layer1_generator__GB3, 
muxpart__408: layer2_generator__GB0, 
muxpart__64: generator_pipeline__GCB2, 
reg__42: generator_pipeline__GCB2, 
case__27: generator_pipeline__GCB2, 
muxpart__185: layer1_generator__GB0, 
muxpart__237: layer1_generator__GB1, 
muxpart__10: generator_pipeline__GCB2, 
muxpart__62: generator_pipeline__GCB2, 
reg__10: generator_pipeline__GCB2, 
case__2: generator_pipeline__GCB2, 
muxpart__743: layer3_generator, 
reg__210: layer1_generator__GB0, 
muxpart__189: layer1_generator__GB0, 
muxpart__449: layer2_generator__GB0, 
muxpart__783: generator_pipeline__GCB2, 
muxpart__663: layer3_generator, 
muxpart__79: generator_pipeline__GCB2, 
muxpart__335: layer1_generator__GB2, 
muxpart__427: layer2_generator__GB0, 
logic__65: generator_pipeline__GCB2, 
logic__263: generator_pipeline__GCB2, 
muxpart__302: layer1_generator__GB2, 
reg__220: layer3_generator, 
logic__334: generator_pipeline__GCB2, 
case__85: layer2_generator__GB3, 
muxpart__320: layer1_generator__GB2, 
muxpart__257: layer1_generator__GB0, 
muxpart__242: layer1_generator__GB1, 
logic__70: generator_pipeline__GCB2, 
reg__184: generator_pipeline__GCB2, 
muxpart__61: generator_pipeline__GCB2, 
logic__185: generator_pipeline__GCB2, 
muxpart__175: layer1_generator__GB0, 
reg__80: generator_pipeline__GCB2, 
muxpart__377: layer1_generator__GB3, 
muxpart__456: layer2_generator__GB0, 
muxpart__466: layer2_generator__GB1, 
muxpart__688: layer3_generator, 
muxpart__299: layer1_generator__GB0, 
logic__179: generator_pipeline__GCB2, 
muxpart__384: layer1_generator__GB3, 
muxpart__161: layer1_generator__GB0, 
muxpart__180: layer1_generator__GB0, 
muxpart__169: layer1_generator__GB0, 
reg__119: generator_pipeline__GCB2, 
logic__107: generator_pipeline__GCB2, 
muxpart__305: layer1_generator__GB2, 
muxpart__51: generator_pipeline__GCB2, 
muxpart__286: layer1_generator__GB1, 
reg__214: layer2_generator__GB3, 
reg__215: layer2_generator__GB3, 
muxpart__622: layer2_generator__GB0, 
logic__67: generator_pipeline__GCB2, 
logic__474: layer1_generator__GB2, 
muxpart__594: layer2_generator__GB2, 
muxpart__277: layer1_generator__GB0, 
reg__69: generator_pipeline__GCB2, 
case__26: generator_pipeline__GCB2, 
reg__4: generator_pipeline__GCB2, 
muxpart__244: layer1_generator__GB1, 
muxpart__602: layer2_generator__GB2, 
logic__38: generator_pipeline__GCB2, 
muxpart__147: layer1_generator__GB0, 
muxpart__85: generator_pipeline__GCB2, 
logic__68: generator_pipeline__GCB2, 
case__24: generator_pipeline__GCB2, 
case__126: generator_pipeline__GCB2, 
case__93: layer2_generator__GB3, 
muxpart__636: layer2_generator__GB3, 
muxpart__283: layer1_generator__GB0, 
case__18: generator_pipeline__GCB2, 
case__37: generator_pipeline__GCB2, 
muxpart__134: layer1_generator__GB0, 
muxpart__638: layer2_generator__GB3, 
datapath__7: generator_pipeline__GCB2, 
reg__77: generator_pipeline__GCB2, 
muxpart__651: layer3_generator, 
muxpart__450: layer2_generator__GB0, 
muxpart__468: layer2_generator__GB1, 
muxpart__715: layer3_generator, 
muxpart__209: layer1_generator__GB1, 
reg__125: generator_pipeline__GCB2, 
reg__55: generator_pipeline__GCB2, 
case__20: generator_pipeline__GCB2, 
case__61: generator_pipeline__GCB2, 
case__91: layer2_generator__GB3, 
muxpart__268: layer1_generator__GB0, 
logic__61: generator_pipeline__GCB2, 
muxpart__432: layer2_generator__GB0, 
reg__58: generator_pipeline__GCB2, 
reg__192: generator_pipeline__GCB2, 
muxpart__359: layer1_generator__GB2, 
datapath__9: layer1_generator__GB3, 
case__15: generator_pipeline__GCB2, 
muxpart__467: layer2_generator__GB1, 
muxpart__569: layer2_generator__GB2, 
reg__231: generator_pipeline__GCB2, 
muxpart__702: layer3_generator, 
reg__105: generator_pipeline__GCB2, 
muxpart__491: layer2_generator__GB1, 
muxpart__626: layer2_generator__GB3, 
muxpart__748: layer3_generator, 
case__6: generator_pipeline__GCB2, 
muxpart__493: layer2_generator__GB1, 
muxpart__22: generator_pipeline__GCB2, 
muxpart__754: layer3_generator, 
reg__218: layer2_generator__GB3, 
datapath__12: layer2_generator__GB3, 
case__57: generator_pipeline__GCB2, 
muxpart__777: layer3_generator, 
muxpart__215: layer1_generator__GB1, 
muxpart__333: layer1_generator__GB2, 
muxpart__587: layer2_generator__GB2, 
reg__46: generator_pipeline__GCB2, 
muxpart__461: layer2_generator__GB1, 
muxpart__448: layer2_generator__GB0, 
muxpart__135: layer1_generator__GB0, 
muxpart__60: generator_pipeline__GCB2, 
case__11: generator_pipeline__GCB2, 
logic__176: generator_pipeline__GCB2, 
muxpart__603: layer2_generator__GB2, 
muxpart__306: layer1_generator__GB2, 
reg__23: generator_pipeline__GCB2, 
case__36: generator_pipeline__GCB2, 
muxpart__198: layer1_generator__GB0, 
case__98: layer3_generator, 
reg__195: generator_pipeline__GCB2, 
muxpart__523: layer2_generator__GB0, 
case__50: generator_pipeline__GCB2, 
muxpart__17: generator_pipeline__GCB2, 
muxpart__683: layer3_generator, 
muxpart__332: layer1_generator__GB2, 
reg__188: generator_pipeline__GCB2, 
logic__375: generator_pipeline__GCB2, 
datapath__16: layer3_generator, 
muxpart__656: layer3_generator, 
muxpart__500: layer2_generator__GB1, 
reg__149: generator_pipeline__GCB2, 
muxpart__235: layer1_generator__GB1, 
muxpart__714: layer3_generator, 
rom__2: layer2_generator__GB3, 
reg__39: generator_pipeline__GCB2, 
logic__434: generator_pipeline__GCB2, 
logic__149: generator_pipeline__GCB2, 
reg__99: generator_pipeline__GCB2, 
reg__167: generator_pipeline__GCB2, 
muxpart__473: layer2_generator__GB1, 
muxpart__507: layer2_generator__GB0, 
reg__120: generator_pipeline__GCB2, 
muxpart__291: layer1_generator__GB0, 
muxpart__285: layer1_generator__GB0, 
logic__25: generator_pipeline__GCB2, 
muxpart__435: layer2_generator__GB0, 
muxpart__200: layer1_generator__GB1, 
muxpart__769: layer3_generator, 
case__56: generator_pipeline__GCB2, 
muxpart__375: layer1_generator__GB3, 
muxpart__105: generator_pipeline__GCB2, 
muxpart__563: layer2_generator__GB2, 
muxpart__700: layer3_generator, 
muxpart__297: layer1_generator__GB0, 
logic__396: generator_pipeline__GCB2, 
muxpart__441: layer2_generator__GB0, 
logic__470: layer1_generator__GB2, 
reg__179: generator_pipeline__GCB2, 
case__129: generator_pipeline__GCB2, 
case__33: generator_pipeline__GCB2, 
muxpart__764: layer3_generator, 
muxpart__443: layer2_generator__GB0, 
muxpart__665: layer3_generator, 
case__133: generator_pipeline__GCB2, 
muxpart__158: layer1_generator__GB0, 
logic__399: generator_pipeline__GCB2, 
muxpart__278: layer1_generator__GB0, 
muxpart__781: generator_pipeline__GCB2, 
muxpart__750: layer3_generator, 
reg__21: generator_pipeline__GCB2, 
muxpart__506: layer2_generator__GB0, 
muxpart__199: layer1_generator__GB1, 
muxpart__220: layer1_generator__GB1, 
logic__116: generator_pipeline__GCB2, 
muxpart__782: generator_pipeline__GCB2, 
logic__346: generator_pipeline__GCB2, 
reg__6: generator_pipeline__GCB2, 
muxpart__453: layer2_generator__GB0, 
muxpart__171: layer1_generator__GB0, 
case__138: generator_pipeline__GCB2, 
muxpart__151: layer1_generator__GB0, 
reg__41: generator_pipeline__GCB2, 
muxpart__653: layer3_generator, 
reg__87: generator_pipeline__GCB2, 
muxpart__319: layer1_generator__GB2, 
reg__78: generator_pipeline__GCB2, 
reg__84: generator_pipeline__GCB2, 
muxpart__529: layer2_generator__GB0, 
muxpart__431: layer2_generator__GB0, 
muxpart__438: layer2_generator__GB0, 
muxpart__612: layer2_generator__GB2, 
muxpart__47: generator_pipeline__GCB2, 
logic__443: generator_pipeline__GCB2, 
muxpart__487: layer2_generator__GB1, 
muxpart__279: layer1_generator__GB0, 
reg__129: generator_pipeline__GCB2, 
muxpart__707: layer3_generator, 
muxpart__519: layer2_generator__GB0, 
muxpart__309: layer1_generator__GB2, 
logic__74: generator_pipeline__GCB2, 
muxpart__292: layer1_generator__GB0, 
muxpart__229: layer1_generator__GB1, 
reg__176: generator_pipeline__GCB2, 
logic__405: generator_pipeline__GCB2, 
logic__8: generator_pipeline__GCB2, 
muxpart__701: layer3_generator, 
muxpart__710: layer3_generator, 
logic__292: generator_pipeline__GCB2, 
logic__75: generator_pipeline__GCB2, 
reg__74: generator_pipeline__GCB2, 
logic__137: generator_pipeline__GCB2, 
muxpart__363: layer1_generator__GB3, 
muxpart__331: layer1_generator__GB2, 
muxpart__705: layer3_generator, 
muxpart__525: layer2_generator__GB0, 
muxpart__128: generator_pipeline__GCB2, 
muxpart__489: layer2_generator__GB1, 
muxpart__184: layer1_generator__GB0, 
reg__236: generator_pipeline__GCB2, 
muxpart__478: layer2_generator__GB1, 
muxpart__4: generator_pipeline__GCB2, 
muxpart__623: layer2_generator__GB0, 
muxpart__116: generator_pipeline__GCB2, 
muxpart__513: layer2_generator__GB0, 
logic__757: layer2_generator__GB3, 
logic__1045: layer3_generator, 
muxpart__44: generator_pipeline__GCB2, 
reg__15: generator_pipeline__GCB2, 
muxpart__214: layer1_generator__GB1, 
logic__337: generator_pipeline__GCB2, 
reg__204: generator_pipeline__GCB2, 
muxpart__454: layer2_generator__GB0, 
muxpart__577: layer2_generator__GB2, 
reg__103: generator_pipeline__GCB2, 
muxpart__601: layer2_generator__GB2, 
reg__226: generator_pipeline__GCB2, 
case__51: generator_pipeline__GCB2, 
muxpart__674: layer3_generator, 
case__83: layer2_generator__GB3, 
logic__17: generator_pipeline__GCB2, 
muxpart__407: layer2_generator__GB0, 
case__105: layer3_generator, 
muxpart__568: layer2_generator__GB2, 
muxpart__67: generator_pipeline__GCB2, 
case__53: generator_pipeline__GCB2, 
reg__150: generator_pipeline__GCB2, 
muxpart__327: layer1_generator__GB2, 
reg__13: generator_pipeline__GCB2, 
muxpart__307: layer1_generator__GB2, 
layer2_generator__GB3: layer2_generator__GB3, 
muxpart__36: generator_pipeline__GCB2, 
muxpart__218: layer1_generator__GB1, 
muxpart__31: generator_pipeline__GCB2, 
muxpart__695: layer3_generator, 
muxpart__761: layer3_generator, 
muxpart__274: layer1_generator__GB0, 
muxpart__93: generator_pipeline__GCB2, 
muxpart__149: layer1_generator__GB0, 
muxpart__433: layer2_generator__GB0, 
muxpart__197: layer1_generator__GB0, 
case__132: generator_pipeline__GCB2, 
muxpart__6: generator_pipeline__GCB2, 
reg__49: generator_pipeline__GCB2, 
muxpart__54: generator_pipeline__GCB2, 
muxpart__24: generator_pipeline__GCB2, 
muxpart__571: layer2_generator__GB2, 
reg__116: generator_pipeline__GCB2, 
case__3: generator_pipeline__GCB2, 
logic__301: generator_pipeline__GCB2, 
muxpart__225: layer1_generator__GB1, 
muxpart__265: layer1_generator__GB0, 
muxpart__635: layer2_generator__GB3, 
muxpart__264: layer1_generator__GB0, 
reg__183: generator_pipeline__GCB2, 
muxpart__629: layer2_generator__GB3, 
reg__178: generator_pipeline__GCB2, 
reg__9: generator_pipeline__GCB2, 
reg__165: generator_pipeline__GCB2, 
muxpart__82: generator_pipeline__GCB2, 
muxpart__615: layer2_generator__GB0, 
muxpart__758: layer3_generator, 
muxpart__682: layer3_generator, 
muxpart__451: layer2_generator__GB0, 
reg__146: generator_pipeline__GCB2, 
case__59: generator_pipeline__GCB2, 
muxpart__425: layer2_generator__GB0, 
muxpart__669: layer3_generator, 
muxpart__618: layer2_generator__GB0, 
muxpart__421: layer2_generator__GB0, 
muxpart__258: layer1_generator__GB0, 
reg__68: generator_pipeline__GCB2, 
reg__64: generator_pipeline__GCB2, 
reg__191: generator_pipeline__GCB2, 
logic__1037: layer3_generator, 
case__88: layer2_generator__GB3, 
case__63: generator_pipeline__GCB2, 
case__68: layer1_generator__GB3, 
reg__147: generator_pipeline__GCB2, 
muxpart__627: layer2_generator__GB3, 
muxpart__71: generator_pipeline__GCB2, 
case__72: layer1_generator__GB2, 
logic__209: generator_pipeline__GCB2, 
muxpart__174: layer1_generator__GB0, 
logic__35: generator_pipeline__GCB2, 
logic__13: generator_pipeline__GCB2, 
logic__428: generator_pipeline__GCB2, 
muxpart__673: layer3_generator, 
reg__211: layer1_generator__GB2, 
muxpart__372: layer1_generator__GB3, 
muxpart__595: layer2_generator__GB2, 
muxpart__241: layer1_generator__GB1, 
muxpart__282: layer1_generator__GB0, 
muxpart__778: layer3_generator, 
datapath__17: generator_pipeline__GCB2, 
muxpart__726: layer3_generator, 
reg__221: layer3_generator, 
reg__156: generator_pipeline__GCB2, 
muxpart__765: layer3_generator, 
reg__124: generator_pipeline__GCB2, 
muxpart__614: layer2_generator__GB2, 
muxpart__722: layer3_generator, 
muxpart__459: layer2_generator__GB1, 
muxpart__620: layer2_generator__GB0, 
reg__182: generator_pipeline__GCB2, 
logic__14: generator_pipeline__GCB2, 
reg__233: generator_pipeline__GCB2, 
dsp48e1__1: layer1_generator__GB0, 
reg__135: generator_pipeline__GCB2, 
muxpart__138: layer1_generator__GB0, 
muxpart__1: generator_pipeline__GCB2, 
reg__88: generator_pipeline__GCB2, 
muxpart__290: layer1_generator__GB0, 
reg__16: generator_pipeline__GCB2, 
case__78: layer1_generator__GB0, 
case__12: generator_pipeline__GCB2, 
reg__109: generator_pipeline__GCB2, 
logic__104: generator_pipeline__GCB2, 
logic__27: generator_pipeline__GCB2, 
logic__80: generator_pipeline__GCB2, 
muxpart__444: layer2_generator__GB0, 
muxpart__28: generator_pipeline__GCB2, 
logic__215: generator_pipeline__GCB2, 
datapath__2: generator_pipeline__GCB2, 
reg__140: generator_pipeline__GCB2, 
muxpart__708: layer3_generator, 
muxpart__337: layer1_generator__GB2, 
muxpart__586: layer2_generator__GB2, 
muxpart__37: generator_pipeline__GCB2, 
logic__758: layer2_generator__GB0, 
muxpart__655: layer3_generator, 
case__60: generator_pipeline__GCB2, 
muxpart__436: layer2_generator__GB0, 
muxpart__409: layer2_generator__GB0, 
logic__41: generator_pipeline__GCB2, 
case__40: generator_pipeline__GCB2, 
logic__16: generator_pipeline__GCB2, 
muxpart__592: layer2_generator__GB2, 
muxpart__570: layer2_generator__GB2, 
muxpart__181: layer1_generator__GB0, 
case__43: generator_pipeline__GCB2, 
reg__111: generator_pipeline__GCB2, 
muxpart__423: layer2_generator__GB0, 
datapath__21: generator_pipeline__GCB2, 
reg: generator_pipeline__GCB2, 
muxpart__250: layer1_generator__GB0, 
